(node:13072) Warning: NodeVersionSupportWarning: The AWS SDK for JavaScript (v3)
versions published after the first week of January 2027
will require node >=22. You are running node v20.19.2.

To continue receiving updates to AWS services, bug fixes,
and security updates please upgrade to node >=22.

More information can be found at: https://a.co/c895JFp
(Use `node --trace-warnings ...` to show where the warning was created)
ReplyError: MISCONF Errors writing to the AOF file: I/O error script: 6c4c6de2bece2ad87657691d945d902df2198f5e, on @user_script:215.
    at parseError (D:\PROJECT\File-Mngt-Sys\node_modules\.pnpm\redis-parser@3.0.0\node_modules\redis-parser\lib\parser.js:179:12)
    at parseType (D:\PROJECT\File-Mngt-Sys\node_modules\.pnpm\redis-parser@3.0.0\node_modules\redis-parser\lib\parser.js:302:14) {
  command: {
    name: 'evalsha',
    args: [
      '6c4c6de2bece2ad87657691d945d902df2198f5e',
      '11',
      'bull:ocr:wait',
      'bull:ocr:active',
      'bull:ocr:prioritized',
      'bull:ocr:events',
      'bull:ocr:stalled',
      'bull:ocr:limiter',
      'bull:ocr:delayed',
      'bull:ocr:paused',
      'bull:ocr:meta',
      'bull:ocr:pc',
      'bull:ocr:marker',
      'bull:ocr:',
      '1786962621081',
      <Buffer de 00 04 a5 74 6f 6b 65 6e d9 27 63 36 62 30 35 64 35 31 2d 65 66 63 63 2d 34 62 65 30 2d 38 63 36 33 2d 37 33 36 31 31 39 37 32 61 61 35 37 3a 38 34 ... 31 more bytes>
    ]
  }
}
ReplyError: MISCONF Errors writing to the AOF file: I/O error
    at parseError (D:\PROJECT\File-Mngt-Sys\node_modules\.pnpm\redis-parser@3.0.0\node_modules\redis-parser\lib\parser.js:179:12)
    at parseType (D:\PROJECT\File-Mngt-Sys\node_modules\.pnpm\redis-parser@3.0.0\node_modules\redis-parser\lib\parser.js:302:14) {
  command: { name: 'bzpopmin', args: [ 'bull:ocr:marker', '5' ] }
}
ReplyError: MISCONF Errors writing to the AOF file: I/O error
    at parseError (D:\PROJECT\File-Mngt-Sys\node_modules\.pnpm\redis-parser@3.0.0\node_modules\redis-parser\lib\parser.js:179:12)
    at parseType (D:\PROJECT\File-Mngt-Sys\node_modules\.pnpm\redis-parser@3.0.0\node_modules\redis-parser\lib\parser.js:302:14) {
  command: { name: 'bzpopmin', args: [ 'bull:ocr:marker', '10' ] }
}
ReplyError: MISCONF Errors writing to the AOF file: I/O error
    at parseError (D:\PROJECT\File-Mngt-Sys\node_modules\.pnpm\redis-parser@3.0.0\node_modules\redis-parser\lib\parser.js:179:12)
    at parseType (D:\PROJECT\File-Mngt-Sys\node_modules\.pnpm\redis-parser@3.0.0\node_modules\redis-parser\lib\parser.js:302:14) {
  command: { name: 'bzpopmin', args: [ 'bull:ocr:marker', '10' ] }
}
ReplyError: MISCONF Errors writing to the AOF file: I/O error
    at parseError (D:\PROJECT\File-Mngt-Sys\node_modules\.pnpm\redis-parser@3.0.0\node_modules\redis-parser\lib\parser.js:179:12)
    at parseType (D:\PROJECT\File-Mngt-Sys\node_modules\.pnpm\redis-parser@3.0.0\node_modules\redis-parser\lib\parser.js:302:14) {
  command: { name: 'bzpopmin', args: [ 'bull:ocr:marker', '10' ] }
}
ReplyError: MISCONF Errors writing to the AOF file: I/O error
    at parseError (D:\PROJECT\File-Mngt-Sys\node_modules\.pnpm\redis-parser@3.0.0\node_modules\redis-parser\lib\parser.js:179:12)
    at parseType (D:\PROJECT\File-Mngt-Sys\node_modules\.pnpm\redis-parser@3.0.0\node_modules\redis-parser\lib\parser.js:302:14) {
  command: { name: 'bzpopmin', args: [ 'bull:ocr:marker', '10' ] }
}
ReplyError: MISCONF Errors writing to the AOF file: I/O error
    at parseError (D:\PROJECT\File-Mngt-Sys\node_modules\.pnpm\redis-parser@3.0.0\node_modules\redis-parser\lib\parser.js:179:12)
    at parseType (D:\PROJECT\File-Mngt-Sys\node_modules\.pnpm\redis-parser@3.0.0\node_modules\redis-parser\lib\parser.js:302:14) {
  command: { name: 'bzpopmin', args: [ 'bull:ocr:marker', '10' ] }
}
ReplyError: MISCONF Errors writing to the AOF file: I/O error
    at parseError (D:\PROJECT\File-Mngt-Sys\node_modules\.pnpm\redis-parser@3.0.0\node_modules\redis-parser\lib\parser.js:179:12)
    at parseType (D:\PROJECT\File-Mngt-Sys\node_modules\.pnpm\redis-parser@3.0.0\node_modules\redis-parser\lib\parser.js:302:14) {
  command: { name: 'bzpopmin', args: [ 'bull:ocr:marker', '10' ] }
}
ReplyError: MISCONF Errors writing to the AOF file: I/O error
    at parseError (D:\PROJECT\File-Mngt-Sys\node_modules\.pnpm\redis-parser@3.0.0\node_modules\redis-parser\lib\parser.js:179:12)
    at parseType (D:\PROJECT\File-Mngt-Sys\node_modules\.pnpm\redis-parser@3.0.0\node_modules\redis-parser\lib\parser.js:302:14) {
  command: { name: 'bzpopmin', args: [ 'bull:ocr:marker', '10' ] }
}
ReplyError: MISCONF Errors writing to the AOF file: I/O error
    at parseError (D:\PROJECT\File-Mngt-Sys\node_modules\.pnpm\redis-parser@3.0.0\node_modules\redis-parser\lib\parser.js:179:12)
    at parseType (D:\PROJECT\File-Mngt-Sys\node_modules\.pnpm\redis-parser@3.0.0\node_modules\redis-parser\lib\parser.js:302:14) {
  command: { name: 'bzpopmin', args: [ 'bull:ocr:marker', '10' ] }
}
ReplyError: MISCONF Errors writing to the AOF file: I/O error
    at parseError (D:\PROJECT\File-Mngt-Sys\node_modules\.pnpm\redis-parser@3.0.0\node_modules\redis-parser\lib\parser.js:179:12)
    at parseType (D:\PROJECT\File-Mngt-Sys\node_modules\.pnpm\redis-parser@3.0.0\node_modules\redis-parser\lib\parser.js:302:14) {
  command: { name: 'bzpopmin', args: [ 'bull:ocr:marker', '10' ] }
}
ReplyError: MISCONF Errors writing to the AOF file: I/O error
    at parseError (D:\PROJECT\File-Mngt-Sys\node_modules\.pnpm\redis-parser@3.0.0\node_modules\redis-parser\lib\parser.js:179:12)
    at parseType (D:\PROJECT\File-Mngt-Sys\node_modules\.pnpm\redis-parser@3.0.0\node_modules\redis-parser\lib\parser.js:302:14) {
  command: { name: 'bzpopmin', args: [ 'bull:ocr:marker', '10' ] }
}
ReplyError: MISCONF Errors writing to the AOF file: I/O error
    at parseError (D:\PROJECT\File-Mngt-Sys\node_modules\.pnpm\redis-parser@3.0.0\node_modules\redis-parser\lib\parser.js:179:12)
    at parseType (D:\PROJECT\File-Mngt-Sys\node_modules\.pnpm\redis-parser@3.0.0\node_modules\redis-parser\lib\parser.js:302:14) {
  command: { name: 'bzpopmin', args: [ 'bull:ocr:marker', '10' ] }
}
ReplyError: MISCONF Errors writing to the AOF file: I/O error
    at parseError (D:\PROJECT\File-Mngt-Sys\node_modules\.pnpm\redis-parser@3.0.0\node_modules\redis-parser\lib\parser.js:179:12)
    at parseType (D:\PROJECT\File-Mngt-Sys\node_modules\.pnpm\redis-parser@3.0.0\node_modules\redis-parser\lib\parser.js:302:14) {
  command: { name: 'bzpopmin', args: [ 'bull:ocr:marker', '10' ] }
}
ReplyError: MISCONF Errors writing to the AOF file: I/O error
    at parseError (D:\PROJECT\File-Mngt-Sys\node_modules\.pnpm\redis-parser@3.0.0\node_modules\redis-parser\lib\parser.js:179:12)
    at parseType (D:\PROJECT\File-Mngt-Sys\node_modules\.pnpm\redis-parser@3.0.0\node_modules\redis-parser\lib\parser.js:302:14) {
  command: { name: 'bzpopmin', args: [ 'bull:ocr:marker', '10' ] }
}
ReplyError: MISCONF Errors writing to the AOF file: I/O error
    at parseError (D:\PROJECT\File-Mngt-Sys\node_modules\.pnpm\redis-parser@3.0.0\node_modules\redis-parser\lib\parser.js:179:12)
    at parseType (D:\PROJECT\File-Mngt-Sys\node_modules\.pnpm\redis-parser@3.0.0\node_modules\redis-parser\lib\parser.js:302:14) {
  command: { name: 'bzpopmin', args: [ 'bull:ocr:marker', '10' ] }
}
ReplyError: MISCONF Errors writing to the AOF file: I/O error
    at parseError (D:\PROJECT\File-Mngt-Sys\node_modules\.pnpm\redis-parser@3.0.0\node_modules\redis-parser\lib\parser.js:179:12)
    at parseType (D:\PROJECT\File-Mngt-Sys\node_modules\.pnpm\redis-parser@3.0.0\node_modules\redis-parser\lib\parser.js:302:14) {
  command: { name: 'bzpopmin', args: [ 'bull:ocr:marker', '10' ] }
}
ReplyError: MISCONF Errors writing to the AOF file: I/O error
    at parseError (D:\PROJECT\File-Mngt-Sys\node_modules\.pnpm\redis-parser@3.0.0\node_modules\redis-parser\lib\parser.js:179:12)
    at parseType (D:\PROJECT\File-Mngt-Sys\node_modules\.pnpm\redis-parser@3.0.0\node_modules\redis-parser\lib\parser.js:302:14) {
  command: { name: 'bzpopmin', args: [ 'bull:ocr:marker', '10' ] }
}
ReplyError: MISCONF Errors writing to the AOF file: I/O error
    at parseError (D:\PROJECT\File-Mngt-Sys\node_modules\.pnpm\redis-parser@3.0.0\node_modules\redis-parser\lib\parser.js:179:12)
    at parseType (D:\PROJECT\File-Mngt-Sys\node_modules\.pnpm\redis-parser@3.0.0\node_modules\redis-parser\lib\parser.js:302:14) {
  command: { name: 'bzpopmin', args: [ 'bull:ocr:marker', '10' ] }
}
ReplyError: MISCONF Errors writing to the AOF file: I/O error
    at parseError (D:\PROJECT\File-Mngt-Sys\node_modules\.pnpm\redis-parser@3.0.0\node_modules\redis-parser\lib\parser.js:179:12)
    at parseType (D:\PROJECT\File-Mngt-Sys\node_modules\.pnpm\redis-parser@3.0.0\node_modules\redis-parser\lib\parser.js:302:14) {
  command: { name: 'bzpopmin', args: [ 'bull:ocr:marker', '10' ] }
}
ReplyError: MISCONF Errors writing to the AOF file: I/O error
    at parseError (D:\PROJECT\File-Mngt-Sys\node_modules\.pnpm\redis-parser@3.0.0\node_modules\redis-parser\lib\parser.js:179:12)
    at parseType (D:\PROJECT\File-Mngt-Sys\node_modules\.pnpm\redis-parser@3.0.0\node_modules\redis-parser\lib\parser.js:302:14) {
  command: { name: 'bzpopmin', args: [ 'bull:ocr:marker', '10' ] }
}
ReplyError: MISCONF Errors writing to the AOF file: I/O error
    at parseError (D:\PROJECT\File-Mngt-Sys\node_modules\.pnpm\redis-parser@3.0.0\node_modules\redis-parser\lib\parser.js:179:12)
    at parseType (D:\PROJECT\File-Mngt-Sys\node_modules\.pnpm\redis-parser@3.0.0\node_modules\redis-parser\lib\parser.js:302:14) {
  command: { name: 'bzpopmin', args: [ 'bull:ocr:marker', '10' ] }
}
ReplyError: MISCONF Errors writing to the AOF file: I/O error
    at parseError (D:\PROJECT\File-Mngt-Sys\node_modules\.pnpm\redis-parser@3.0.0\node_modules\redis-parser\lib\parser.js:179:12)
    at parseType (D:\PROJECT\File-Mngt-Sys\node_modules\.pnpm\redis-parser@3.0.0\node_modules\redis-parser\lib\parser.js:302:14) {
  command: { name: 'bzpopmin', args: [ 'bull:ocr:marker', '10' ] }
}
ReplyError: MISCONF Errors writing to the AOF file: I/O error
    at parseError (D:\PROJECT\File-Mngt-Sys\node_modules\.pnpm\redis-parser@3.0.0\node_modules\redis-parser\lib\parser.js:179:12)
    at parseType (D:\PROJECT\File-Mngt-Sys\node_modules\.pnpm\redis-parser@3.0.0\node_modules\redis-parser\lib\parser.js:302:14) {
  command: { name: 'bzpopmin', args: [ 'bull:ocr:marker', '10' ] }
}
ReplyError: MISCONF Errors writing to the AOF file: I/O error
    at parseError (D:\PROJECT\File-Mngt-Sys\node_modules\.pnpm\redis-parser@3.0.0\node_modules\redis-parser\lib\parser.js:179:12)
    at parseType (D:\PROJECT\File-Mngt-Sys\node_modules\.pnpm\redis-parser@3.0.0\node_modules\redis-parser\lib\parser.js:302:14) {
  command: { name: 'bzpopmin', args: [ 'bull:ocr:marker', '10' ] }
}
ReplyError: MISCONF Errors writing to the AOF file: I/O error
    at parseError (D:\PROJECT\File-Mngt-Sys\node_modules\.pnpm\redis-parser@3.0.0\node_modules\redis-parser\lib\parser.js:179:12)
    at parseType (D:\PROJECT\File-Mngt-Sys\node_modules\.pnpm\redis-parser@3.0.0\node_modules\redis-parser\lib\parser.js:302:14) {
  command: { name: 'bzpopmin', args: [ 'bull:ocr:marker', '10' ] }
}
ReplyError: MISCONF Errors writing to the AOF file: I/O error
    at parseError (D:\PROJECT\File-Mngt-Sys\node_modules\.pnpm\redis-parser@3.0.0\node_modules\redis-parser\lib\parser.js:179:12)
    at parseType (D:\PROJECT\File-Mngt-Sys\node_modules\.pnpm\redis-parser@3.0.0\node_modules\redis-parser\lib\parser.js:302:14) {
  command: { name: 'bzpopmin', args: [ 'bull:ocr:marker', '10' ] }
}
ReplyError: MISCONF Errors writing to the AOF file: I/O error
    at parseError (D:\PROJECT\File-Mngt-Sys\node_modules\.pnpm\redis-parser@3.0.0\node_modules\redis-parser\lib\parser.js:179:12)
    at parseType (D:\PROJECT\File-Mngt-Sys\node_modules\.pnpm\redis-parser@3.0.0\node_modules\redis-parser\lib\parser.js:302:14) {
  command: { name: 'bzpopmin', args: [ 'bull:ocr:marker', '10' ] }
}
ReplyError: MISCONF Errors writing to the AOF file: I/O error
    at parseError (D:\PROJECT\File-Mngt-Sys\node_modules\.pnpm\redis-parser@3.0.0\node_modules\redis-parser\lib\parser.js:179:12)
    at parseType (D:\PROJECT\File-Mngt-Sys\node_modules\.pnpm\redis-parser@3.0.0\node_modules\redis-parser\lib\parser.js:302:14) {
  command: { name: 'bzpopmin', args: [ 'bull:ocr:marker', '10' ] }
}
ReplyError: MISCONF Errors writing to the AOF file: I/O error
    at parseError (D:\PROJECT\File-Mngt-Sys\node_modules\.pnpm\redis-parser@3.0.0\node_modules\redis-parser\lib\parser.js:179:12)
    at parseType (D:\PROJECT\File-Mngt-Sys\node_modules\.pnpm\redis-parser@3.0.0\node_modules\redis-parser\lib\parser.js:302:14) {
  command: { name: 'bzpopmin', args: [ 'bull:ocr:marker', '10' ] }
}
ReplyError: MISCONF Errors writing to the AOF file: I/O error
    at parseError (D:\PROJECT\File-Mngt-Sys\node_modules\.pnpm\redis-parser@3.0.0\node_modules\redis-parser\lib\parser.js:179:12)
    at parseType (D:\PROJECT\File-Mngt-Sys\node_modules\.pnpm\redis-parser@3.0.0\node_modules\redis-parser\lib\parser.js:302:14) {
  command: { name: 'bzpopmin', args: [ 'bull:ocr:marker', '10' ] }
}
ReplyError: MISCONF Errors writing to the AOF file: I/O error
    at parseError (D:\PROJECT\File-Mngt-Sys\node_modules\.pnpm\redis-parser@3.0.0\node_modules\redis-parser\lib\parser.js:179:12)
    at parseType (D:\PROJECT\File-Mngt-Sys\node_modules\.pnpm\redis-parser@3.0.0\node_modules\redis-parser\lib\parser.js:302:14) {
  command: { name: 'bzpopmin', args: [ 'bull:ocr:marker', '10' ] }
}
ReplyError: MISCONF Errors writing to the AOF file: I/O error
    at parseError (D:\PROJECT\File-Mngt-Sys\node_modules\.pnpm\redis-parser@3.0.0\node_modules\redis-parser\lib\parser.js:179:12)
    at parseType (D:\PROJECT\File-Mngt-Sys\node_modules\.pnpm\redis-parser@3.0.0\node_modules\redis-parser\lib\parser.js:302:14) {
  command: { name: 'bzpopmin', args: [ 'bull:ocr:marker', '10' ] }
}
ReplyError: MISCONF Errors writing to the AOF file: I/O error
    at parseError (D:\PROJECT\File-Mngt-Sys\node_modules\.pnpm\redis-parser@3.0.0\node_modules\redis-parser\lib\parser.js:179:12)
    at parseType (D:\PROJECT\File-Mngt-Sys\node_modules\.pnpm\redis-parser@3.0.0\node_modules\redis-parser\lib\parser.js:302:14) {
  command: { name: 'bzpopmin', args: [ 'bull:ocr:marker', '10' ] }
}
ReplyError: MISCONF Errors writing to the AOF file: I/O error
    at parseError (D:\PROJECT\File-Mngt-Sys\node_modules\.pnpm\redis-parser@3.0.0\node_modules\redis-parser\lib\parser.js:179:12)
    at parseType (D:\PROJECT\File-Mngt-Sys\node_modules\.pnpm\redis-parser@3.0.0\node_modules\redis-parser\lib\parser.js:302:14) {
  command: { name: 'bzpopmin', args: [ 'bull:ocr:marker', '10' ] }
}
ReplyError: MISCONF Errors writing to the AOF file: I/O error
    at parseError (D:\PROJECT\File-Mngt-Sys\node_modules\.pnpm\redis-parser@3.0.0\node_modules\redis-parser\lib\parser.js:179:12)
    at parseType (D:\PROJECT\File-Mngt-Sys\node_modules\.pnpm\redis-parser@3.0.0\node_modules\redis-parser\lib\parser.js:302:14) {
  command: { name: 'bzpopmin', args: [ 'bull:ocr:marker', '10' ] }
}
ReplyError: MISCONF Errors writing to the AOF file: I/O error
    at parseError (D:\PROJECT\File-Mngt-Sys\node_modules\.pnpm\redis-parser@3.0.0\node_modules\redis-parser\lib\parser.js:179:12)
    at parseType (D:\PROJECT\File-Mngt-Sys\node_modules\.pnpm\redis-parser@3.0.0\node_modules\redis-parser\lib\parser.js:302:14) {
  command: { name: 'bzpopmin', args: [ 'bull:ocr:marker', '10' ] }
}
ReplyError: MISCONF Errors writing to the AOF file: I/O error
    at parseError (D:\PROJECT\File-Mngt-Sys\node_modules\.pnpm\redis-parser@3.0.0\node_modules\redis-parser\lib\parser.js:179:12)
    at parseType (D:\PROJECT\File-Mngt-Sys\node_modules\.pnpm\redis-parser@3.0.0\node_modules\redis-parser\lib\parser.js:302:14) {
  command: { name: 'bzpopmin', args: [ 'bull:ocr:marker', '10' ] }
}
ReplyError: MISCONF Errors writing to the AOF file: I/O error
    at parseError (D:\PROJECT\File-Mngt-Sys\node_modules\.pnpm\redis-parser@3.0.0\node_modules\redis-parser\lib\parser.js:179:12)
    at parseType (D:\PROJECT\File-Mngt-Sys\node_modules\.pnpm\redis-parser@3.0.0\node_modules\redis-parser\lib\parser.js:302:14) {
  command: { name: 'bzpopmin', args: [ 'bull:ocr:marker', '10' ] }
}
ReplyError: MISCONF Errors writing to the AOF file: I/O error
    at parseError (D:\PROJECT\File-Mngt-Sys\node_modules\.pnpm\redis-parser@3.0.0\node_modules\redis-parser\lib\parser.js:179:12)
    at parseType (D:\PROJECT\File-Mngt-Sys\node_modules\.pnpm\redis-parser@3.0.0\node_modules\redis-parser\lib\parser.js:302:14) {
  command: { name: 'bzpopmin', args: [ 'bull:ocr:marker', '10' ] }
}
ReplyError: MISCONF Errors writing to the AOF file: I/O error
    at parseError (D:\PROJECT\File-Mngt-Sys\node_modules\.pnpm\redis-parser@3.0.0\node_modules\redis-parser\lib\parser.js:179:12)
    at parseType (D:\PROJECT\File-Mngt-Sys\node_modules\.pnpm\redis-parser@3.0.0\node_modules\redis-parser\lib\parser.js:302:14) {
  command: { name: 'bzpopmin', args: [ 'bull:ocr:marker', '10' ] }
}
ReplyError: MISCONF Errors writing to the AOF file: I/O error
    at parseError (D:\PROJECT\File-Mngt-Sys\node_modules\.pnpm\redis-parser@3.0.0\node_modules\redis-parser\lib\parser.js:179:12)
    at parseType (D:\PROJECT\File-Mngt-Sys\node_modules\.pnpm\redis-parser@3.0.0\node_modules\redis-parser\lib\parser.js:302:14) {
  command: { name: 'bzpopmin', args: [ 'bull:ocr:marker', '10' ] }
}
ReplyError: MISCONF Errors writing to the AOF file: I/O error
    at parseError (D:\PROJECT\File-Mngt-Sys\node_modules\.pnpm\redis-parser@3.0.0\node_modules\redis-parser\lib\parser.js:179:12)
    at parseType (D:\PROJECT\File-Mngt-Sys\node_modules\.pnpm\redis-parser@3.0.0\node_modules\redis-parser\lib\parser.js:302:14) {
  command: { name: 'bzpopmin', args: [ 'bull:ocr:marker', '10' ] }
}
ReplyError: MISCONF Errors writing to the AOF file: I/O error
    at parseError (D:\PROJECT\File-Mngt-Sys\node_modules\.pnpm\redis-parser@3.0.0\node_modules\redis-parser\lib\parser.js:179:12)
    at parseType (D:\PROJECT\File-Mngt-Sys\node_modules\.pnpm\redis-parser@3.0.0\node_modules\redis-parser\lib\parser.js:302:14) {
  command: { name: 'bzpopmin', args: [ 'bull:ocr:marker', '10' ] }
}
ReplyError: MISCONF Errors writing to the AOF file: I/O error
    at parseError (D:\PROJECT\File-Mngt-Sys\node_modules\.pnpm\redis-parser@3.0.0\node_modules\redis-parser\lib\parser.js:179:12)
    at parseType (D:\PROJECT\File-Mngt-Sys\node_modules\.pnpm\redis-parser@3.0.0\node_modules\redis-parser\lib\parser.js:302:14) {
  command: { name: 'bzpopmin', args: [ 'bull:ocr:marker', '10' ] }
}
ReplyError: MISCONF Errors writing to the AOF file: I/O error
    at parseError (D:\PROJECT\File-Mngt-Sys\node_modules\.pnpm\redis-parser@3.0.0\node_modules\redis-parser\lib\parser.js:179:12)
    at parseType (D:\PROJECT\File-Mngt-Sys\node_modules\.pnpm\redis-parser@3.0.0\node_modules\redis-parser\lib\parser.js:302:14) {
  command: { name: 'bzpopmin', args: [ 'bull:ocr:marker', '10' ] }
}
ReplyError: MISCONF Errors writing to the AOF file: I/O error
    at parseError (D:\PROJECT\File-Mngt-Sys\node_modules\.pnpm\redis-parser@3.0.0\node_modules\redis-parser\lib\parser.js:179:12)
    at parseType (D:\PROJECT\File-Mngt-Sys\node_modules\.pnpm\redis-parser@3.0.0\node_modules\redis-parser\lib\parser.js:302:14) {
  command: { name: 'bzpopmin', args: [ 'bull:ocr:marker', '10' ] }
}
ReplyError: MISCONF Errors writing to the AOF file: I/O error
    at parseError (D:\PROJECT\File-Mngt-Sys\node_modules\.pnpm\redis-parser@3.0.0\node_modules\redis-parser\lib\parser.js:179:12)
    at parseType (D:\PROJECT\File-Mngt-Sys\node_modules\.pnpm\redis-parser@3.0.0\node_modules\redis-parser\lib\parser.js:302:14) {
  command: { name: 'bzpopmin', args: [ 'bull:ocr:marker', '10' ] }
}
ReplyError: MISCONF Errors writing to the AOF file: I/O error
    at parseError (D:\PROJECT\File-Mngt-Sys\node_modules\.pnpm\redis-parser@3.0.0\node_modules\redis-parser\lib\parser.js:179:12)
    at parseType (D:\PROJECT\File-Mngt-Sys\node_modules\.pnpm\redis-parser@3.0.0\node_modules\redis-parser\lib\parser.js:302:14) {
  command: { name: 'bzpopmin', args: [ 'bull:ocr:marker', '10' ] }
}
ReplyError: MISCONF Errors writing to the AOF file: I/O error
    at parseError (D:\PROJECT\File-Mngt-Sys\node_modules\.pnpm\redis-parser@3.0.0\node_modules\redis-parser\lib\parser.js:179:12)
    at parseType (D:\PROJECT\File-Mngt-Sys\node_modules\.pnpm\redis-parser@3.0.0\node_modules\redis-parser\lib\parser.js:302:14) {
  command: { name: 'bzpopmin', args: [ 'bull:ocr:marker', '10' ] }
}
ReplyError: MISCONF Errors writing to the AOF file: I/O error
    at parseError (D:\PROJECT\File-Mngt-Sys\node_modules\.pnpm\redis-parser@3.0.0\node_modules\redis-parser\lib\parser.js:179:12)
    at parseType (D:\PROJECT\File-Mngt-Sys\node_modules\.pnpm\redis-parser@3.0.0\node_modules\redis-parser\lib\parser.js:302:14) {
  command: { name: 'bzpopmin', args: [ 'bull:ocr:marker', '10' ] }
}
ReplyError: MISCONF Errors writing to the AOF file: I/O error
    at parseError (D:\PROJECT\File-Mngt-Sys\node_modules\.pnpm\redis-parser@3.0.0\node_modules\redis-parser\lib\parser.js:179:12)
    at parseType (D:\PROJECT\File-Mngt-Sys\node_modules\.pnpm\redis-parser@3.0.0\node_modules\redis-parser\lib\parser.js:302:14) {
  command: { name: 'bzpopmin', args: [ 'bull:ocr:marker', '10' ] }
}
ReplyError: MISCONF Errors writing to the AOF file: I/O error
    at parseError (D:\PROJECT\File-Mngt-Sys\node_modules\.pnpm\redis-parser@3.0.0\node_modules\redis-parser\lib\parser.js:179:12)
    at parseType (D:\PROJECT\File-Mngt-Sys\node_modules\.pnpm\redis-parser@3.0.0\node_modules\redis-parser\lib\parser.js:302:14) {
  command: { name: 'bzpopmin', args: [ 'bull:ocr:marker', '10' ] }
}
ReplyError: MISCONF Errors writing to the AOF file: I/O error
    at parseError (D:\PROJECT\File-Mngt-Sys\node_modules\.pnpm\redis-parser@3.0.0\node_modules\redis-parser\lib\parser.js:179:12)
    at parseType (D:\PROJECT\File-Mngt-Sys\node_modules\.pnpm\redis-parser@3.0.0\node_modules\redis-parser\lib\parser.js:302:14) {
  command: { name: 'bzpopmin', args: [ 'bull:ocr:marker', '10' ] }
}
ReplyError: MISCONF Errors writing to the AOF file: I/O error
    at parseError (D:\PROJECT\File-Mngt-Sys\node_modules\.pnpm\redis-parser@3.0.0\node_modules\redis-parser\lib\parser.js:179:12)
    at parseType (D:\PROJECT\File-Mngt-Sys\node_modules\.pnpm\redis-parser@3.0.0\node_modules\redis-parser\lib\parser.js:302:14) {
  command: { name: 'bzpopmin', args: [ 'bull:ocr:marker', '10' ] }
}
ReplyError: MISCONF Errors writing to the AOF file: I/O error
    at parseError (D:\PROJECT\File-Mngt-Sys\node_modules\.pnpm\redis-parser@3.0.0\node_modules\redis-parser\lib\parser.js:179:12)
    at parseType (D:\PROJECT\File-Mngt-Sys\node_modules\.pnpm\redis-parser@3.0.0\node_modules\redis-parser\lib\parser.js:302:14) {
  command: { name: 'bzpopmin', args: [ 'bull:ocr:marker', '10' ] }
}
ReplyError: MISCONF Errors writing to the AOF file: I/O error
    at parseError (D:\PROJECT\File-Mngt-Sys\node_modules\.pnpm\redis-parser@3.0.0\node_modules\redis-parser\lib\parser.js:179:12)
    at parseType (D:\PROJECT\File-Mngt-Sys\node_modules\.pnpm\redis-parser@3.0.0\node_modules\redis-parser\lib\parser.js:302:14) {
  command: { name: 'bzpopmin', args: [ 'bull:ocr:marker', '10' ] }
}
ReplyError: MISCONF Errors writing to the AOF file: I/O error
    at parseError (D:\PROJECT\File-Mngt-Sys\node_modules\.pnpm\redis-parser@3.0.0\node_modules\redis-parser\lib\parser.js:179:12)
    at parseType (D:\PROJECT\File-Mngt-Sys\node_modules\.pnpm\redis-parser@3.0.0\node_modules\redis-parser\lib\parser.js:302:14) {
  command: { name: 'bzpopmin', args: [ 'bull:ocr:marker', '10' ] }
}
ReplyError: MISCONF Errors writing to the AOF file: I/O error
    at parseError (D:\PROJECT\File-Mngt-Sys\node_modules\.pnpm\redis-parser@3.0.0\node_modules\redis-parser\lib\parser.js:179:12)
    at parseType (D:\PROJECT\File-Mngt-Sys\node_modules\.pnpm\redis-parser@3.0.0\node_modules\redis-parser\lib\parser.js:302:14) {
  command: { name: 'bzpopmin', args: [ 'bull:ocr:marker', '10' ] }
}
ReplyError: MISCONF Errors writing to the AOF file: I/O error
    at parseError (D:\PROJECT\File-Mngt-Sys\node_modules\.pnpm\redis-parser@3.0.0\node_modules\redis-parser\lib\parser.js:179:12)
    at parseType (D:\PROJECT\File-Mngt-Sys\node_modules\.pnpm\redis-parser@3.0.0\node_modules\redis-parser\lib\parser.js:302:14) {
  command: { name: 'bzpopmin', args: [ 'bull:ocr:marker', '10' ] }
}
ReplyError: MISCONF Errors writing to the AOF file: I/O error
    at parseError (D:\PROJECT\File-Mngt-Sys\node_modules\.pnpm\redis-parser@3.0.0\node_modules\redis-parser\lib\parser.js:179:12)
    at parseType (D:\PROJECT\File-Mngt-Sys\node_modules\.pnpm\redis-parser@3.0.0\node_modules\redis-parser\lib\parser.js:302:14) {
  command: { name: 'bzpopmin', args: [ 'bull:ocr:marker', '10' ] }
}
ReplyError: MISCONF Errors writing to the AOF file: I/O error
    at parseError (D:\PROJECT\File-Mngt-Sys\node_modules\.pnpm\redis-parser@3.0.0\node_modules\redis-parser\lib\parser.js:179:12)
    at parseType (D:\PROJECT\File-Mngt-Sys\node_modules\.pnpm\redis-parser@3.0.0\node_modules\redis-parser\lib\parser.js:302:14) {
  command: { name: 'bzpopmin', args: [ 'bull:ocr:marker', '10' ] }
}
ReplyError: MISCONF Errors writing to the AOF file: I/O error
    at parseError (D:\PROJECT\File-Mngt-Sys\node_modules\.pnpm\redis-parser@3.0.0\node_modules\redis-parser\lib\parser.js:179:12)
    at parseType (D:\PROJECT\File-Mngt-Sys\node_modules\.pnpm\redis-parser@3.0.0\node_modules\redis-parser\lib\parser.js:302:14) {
  command: { name: 'bzpopmin', args: [ 'bull:ocr:marker', '10' ] }
}
ReplyError: MISCONF Errors writing to the AOF file: I/O error
    at parseError (D:\PROJECT\File-Mngt-Sys\node_modules\.pnpm\redis-parser@3.0.0\node_modules\redis-parser\lib\parser.js:179:12)
    at parseType (D:\PROJECT\File-Mngt-Sys\node_modules\.pnpm\redis-parser@3.0.0\node_modules\redis-parser\lib\parser.js:302:14) {
  command: { name: 'bzpopmin', args: [ 'bull:ocr:marker', '10' ] }
}
ReplyError: MISCONF Errors writing to the AOF file: I/O error
    at parseError (D:\PROJECT\File-Mngt-Sys\node_modules\.pnpm\redis-parser@3.0.0\node_modules\redis-parser\lib\parser.js:179:12)
    at parseType (D:\PROJECT\File-Mngt-Sys\node_modules\.pnpm\redis-parser@3.0.0\node_modules\redis-parser\lib\parser.js:302:14) {
  command: { name: 'bzpopmin', args: [ 'bull:ocr:marker', '10' ] }
}
ReplyError: MISCONF Errors writing to the AOF file: I/O error
    at parseError (D:\PROJECT\File-Mngt-Sys\node_modules\.pnpm\redis-parser@3.0.0\node_modules\redis-parser\lib\parser.js:179:12)
    at parseType (D:\PROJECT\File-Mngt-Sys\node_modules\.pnpm\redis-parser@3.0.0\node_modules\redis-parser\lib\parser.js:302:14) {
  command: { name: 'bzpopmin', args: [ 'bull:ocr:marker', '10' ] }
}
ReplyError: MISCONF Errors writing to the AOF file: I/O error
    at parseError (D:\PROJECT\File-Mngt-Sys\node_modules\.pnpm\redis-parser@3.0.0\node_modules\redis-parser\lib\parser.js:179:12)
    at parseType (D:\PROJECT\File-Mngt-Sys\node_modules\.pnpm\redis-parser@3.0.0\node_modules\redis-parser\lib\parser.js:302:14) {
  command: { name: 'bzpopmin', args: [ 'bull:ocr:marker', '10' ] }
}
ReplyError: MISCONF Errors writing to the AOF file: I/O error
    at parseError (D:\PROJECT\File-Mngt-Sys\node_modules\.pnpm\redis-parser@3.0.0\node_modules\redis-parser\lib\parser.js:179:12)
    at parseType (D:\PROJECT\File-Mngt-Sys\node_modules\.pnpm\redis-parser@3.0.0\node_modules\redis-parser\lib\parser.js:302:14) {
  command: { name: 'bzpopmin', args: [ 'bull:ocr:marker', '10' ] }
}
ReplyError: MISCONF Errors writing to the AOF file: I/O error
    at parseError (D:\PROJECT\File-Mngt-Sys\node_modules\.pnpm\redis-parser@3.0.0\node_modules\redis-parser\lib\parser.js:179:12)
    at parseType (D:\PROJECT\File-Mngt-Sys\node_modules\.pnpm\redis-parser@3.0.0\node_modules\redis-parser\lib\parser.js:302:14) {
  command: { name: 'bzpopmin', args: [ 'bull:ocr:marker', '10' ] }
}
ReplyError: MISCONF Errors writing to the AOF file: I/O error
    at parseError (D:\PROJECT\File-Mngt-Sys\node_modules\.pnpm\redis-parser@3.0.0\node_modules\redis-parser\lib\parser.js:179:12)
    at parseType (D:\PROJECT\File-Mngt-Sys\node_modules\.pnpm\redis-parser@3.0.0\node_modules\redis-parser\lib\parser.js:302:14) {
  command: { name: 'bzpopmin', args: [ 'bull:ocr:marker', '10' ] }
}
ReplyError: MISCONF Errors writing to the AOF file: I/O error
    at parseError (D:\PROJECT\File-Mngt-Sys\node_modules\.pnpm\redis-parser@3.0.0\node_modules\redis-parser\lib\parser.js:179:12)
    at parseType (D:\PROJECT\File-Mngt-Sys\node_modules\.pnpm\redis-parser@3.0.0\node_modules\redis-parser\lib\parser.js:302:14) {
  command: { name: 'bzpopmin', args: [ 'bull:ocr:marker', '10' ] }
}
ReplyError: MISCONF Errors writing to the AOF file: I/O error
    at parseError (D:\PROJECT\File-Mngt-Sys\node_modules\.pnpm\redis-parser@3.0.0\node_modules\redis-parser\lib\parser.js:179:12)
    at parseType (D:\PROJECT\File-Mngt-Sys\node_modules\.pnpm\redis-parser@3.0.0\node_modules\redis-parser\lib\parser.js:302:14) {
  command: { name: 'bzpopmin', args: [ 'bull:ocr:marker', '10' ] }
}
ReplyError: MISCONF Errors writing to the AOF file: I/O error
    at parseError (D:\PROJECT\File-Mngt-Sys\node_modules\.pnpm\redis-parser@3.0.0\node_modules\redis-parser\lib\parser.js:179:12)
    at parseType (D:\PROJECT\File-Mngt-Sys\node_modules\.pnpm\redis-parser@3.0.0\node_modules\redis-parser\lib\parser.js:302:14) {
  command: { name: 'bzpopmin', args: [ 'bull:ocr:marker', '10' ] }
}
ReplyError: MISCONF Errors writing to the AOF file: I/O error
    at parseError (D:\PROJECT\File-Mngt-Sys\node_modules\.pnpm\redis-parser@3.0.0\node_modules\redis-parser\lib\parser.js:179:12)
    at parseType (D:\PROJECT\File-Mngt-Sys\node_modules\.pnpm\redis-parser@3.0.0\node_modules\redis-parser\lib\parser.js:302:14) {
  command: { name: 'bzpopmin', args: [ 'bull:ocr:marker', '10' ] }
}
ReplyError: MISCONF Errors writing to the AOF file: I/O error
    at parseError (D:\PROJECT\File-Mngt-Sys\node_modules\.pnpm\redis-parser@3.0.0\node_modules\redis-parser\lib\parser.js:179:12)
    at parseType (D:\PROJECT\File-Mngt-Sys\node_modules\.pnpm\redis-parser@3.0.0\node_modules\redis-parser\lib\parser.js:302:14) {
  command: { name: 'bzpopmin', args: [ 'bull:ocr:marker', '10' ] }
}
ReplyError: MISCONF Errors writing to the AOF file: I/O error
    at parseError (D:\PROJECT\File-Mngt-Sys\node_modules\.pnpm\redis-parser@3.0.0\node_modules\redis-parser\lib\parser.js:179:12)
    at parseType (D:\PROJECT\File-Mngt-Sys\node_modules\.pnpm\redis-parser@3.0.0\node_modules\redis-parser\lib\parser.js:302:14) {
  command: { name: 'bzpopmin', args: [ 'bull:ocr:marker', '10' ] }
}
ReplyError: MISCONF Errors writing to the AOF file: I/O error
    at parseError (D:\PROJECT\File-Mngt-Sys\node_modules\.pnpm\redis-parser@3.0.0\node_modules\redis-parser\lib\parser.js:179:12)
    at parseType (D:\PROJECT\File-Mngt-Sys\node_modules\.pnpm\redis-parser@3.0.0\node_modules\redis-parser\lib\parser.js:302:14) {
  command: { name: 'bzpopmin', args: [ 'bull:ocr:marker', '10' ] }
}
ReplyError: MISCONF Errors writing to the AOF file: I/O error
    at parseError (D:\PROJECT\File-Mngt-Sys\node_modules\.pnpm\redis-parser@3.0.0\node_modules\redis-parser\lib\parser.js:179:12)
    at parseType (D:\PROJECT\File-Mngt-Sys\node_modules\.pnpm\redis-parser@3.0.0\node_modules\redis-parser\lib\parser.js:302:14) {
  command: { name: 'bzpopmin', args: [ 'bull:ocr:marker', '10' ] }
}
ReplyError: MISCONF Errors writing to the AOF file: I/O error
    at parseError (D:\PROJECT\File-Mngt-Sys\node_modules\.pnpm\redis-parser@3.0.0\node_modules\redis-parser\lib\parser.js:179:12)
    at parseType (D:\PROJECT\File-Mngt-Sys\node_modules\.pnpm\redis-parser@3.0.0\node_modules\redis-parser\lib\parser.js:302:14) {
  command: { name: 'bzpopmin', args: [ 'bull:ocr:marker', '10' ] }
}
ReplyError: MISCONF Errors writing to the AOF file: I/O error
    at parseError (D:\PROJECT\File-Mngt-Sys\node_modules\.pnpm\redis-parser@3.0.0\node_modules\redis-parser\lib\parser.js:179:12)
    at parseType (D:\PROJECT\File-Mngt-Sys\node_modules\.pnpm\redis-parser@3.0.0\node_modules\redis-parser\lib\parser.js:302:14) {
  command: { name: 'bzpopmin', args: [ 'bull:ocr:marker', '10' ] }
}
ReplyError: MISCONF Errors writing to the AOF file: I/O error
    at parseError (D:\PROJECT\File-Mngt-Sys\node_modules\.pnpm\redis-parser@3.0.0\node_modules\redis-parser\lib\parser.js:179:12)
    at parseType (D:\PROJECT\File-Mngt-Sys\node_modules\.pnpm\redis-parser@3.0.0\node_modules\redis-parser\lib\parser.js:302:14) {
  command: { name: 'bzpopmin', args: [ 'bull:ocr:marker', '10' ] }
}
ReplyError: MISCONF Errors writing to the AOF file: I/O error
    at parseError (D:\PROJECT\File-Mngt-Sys\node_modules\.pnpm\redis-parser@3.0.0\node_modules\redis-parser\lib\parser.js:179:12)
    at parseType (D:\PROJECT\File-Mngt-Sys\node_modules\.pnpm\redis-parser@3.0.0\node_modules\redis-parser\lib\parser.js:302:14) {
  command: { name: 'bzpopmin', args: [ 'bull:ocr:marker', '10' ] }
}
ReplyError: MISCONF Errors writing to the AOF file: I/O error
    at parseError (D:\PROJECT\File-Mngt-Sys\node_modules\.pnpm\redis-parser@3.0.0\node_modules\redis-parser\lib\parser.js:179:12)
    at parseType (D:\PROJECT\File-Mngt-Sys\node_modules\.pnpm\redis-parser@3.0.0\node_modules\redis-parser\lib\parser.js:302:14) {
  command: { name: 'bzpopmin', args: [ 'bull:ocr:marker', '10' ] }
}
ReplyError: MISCONF Errors writing to the AOF file: I/O error
    at parseError (D:\PROJECT\File-Mngt-Sys\node_modules\.pnpm\redis-parser@3.0.0\node_modules\redis-parser\lib\parser.js:179:12)
    at parseType (D:\PROJECT\File-Mngt-Sys\node_modules\.pnpm\redis-parser@3.0.0\node_modules\redis-parser\lib\parser.js:302:14) {
  command: { name: 'bzpopmin', args: [ 'bull:ocr:marker', '10' ] }
}
ReplyError: MISCONF Errors writing to the AOF file: I/O error
    at parseError (D:\PROJECT\File-Mngt-Sys\node_modules\.pnpm\redis-parser@3.0.0\node_modules\redis-parser\lib\parser.js:179:12)
    at parseType (D:\PROJECT\File-Mngt-Sys\node_modules\.pnpm\redis-parser@3.0.0\node_modules\redis-parser\lib\parser.js:302:14) {
  command: { name: 'bzpopmin', args: [ 'bull:ocr:marker', '10' ] }
}
ReplyError: MISCONF Errors writing to the AOF file: I/O error
    at parseError (D:\PROJECT\File-Mngt-Sys\node_modules\.pnpm\redis-parser@3.0.0\node_modules\redis-parser\lib\parser.js:179:12)
    at parseType (D:\PROJECT\File-Mngt-Sys\node_modules\.pnpm\redis-parser@3.0.0\node_modules\redis-parser\lib\parser.js:302:14) {
  command: { name: 'bzpopmin', args: [ 'bull:ocr:marker', '10' ] }
}
ReplyError: MISCONF Errors writing to the AOF file: I/O error
    at parseError (D:\PROJECT\File-Mngt-Sys\node_modules\.pnpm\redis-parser@3.0.0\node_modules\redis-parser\lib\parser.js:179:12)
    at parseType (D:\PROJECT\File-Mngt-Sys\node_modules\.pnpm\redis-parser@3.0.0\node_modules\redis-parser\lib\parser.js:302:14) {
  command: { name: 'bzpopmin', args: [ 'bull:ocr:marker', '10' ] }
}
ReplyError: MISCONF Errors writing to the AOF file: I/O error
    at parseError (D:\PROJECT\File-Mngt-Sys\node_modules\.pnpm\redis-parser@3.0.0\node_modules\redis-parser\lib\parser.js:179:12)
    at parseType (D:\PROJECT\File-Mngt-Sys\node_modules\.pnpm\redis-parser@3.0.0\node_modules\redis-parser\lib\parser.js:302:14) {
  command: { name: 'bzpopmin', args: [ 'bull:ocr:marker', '10' ] }
}
ReplyError: MISCONF Errors writing to the AOF file: I/O error
    at parseError (D:\PROJECT\File-Mngt-Sys\node_modules\.pnpm\redis-parser@3.0.0\node_modules\redis-parser\lib\parser.js:179:12)
    at parseType (D:\PROJECT\File-Mngt-Sys\node_modules\.pnpm\redis-parser@3.0.0\node_modules\redis-parser\lib\parser.js:302:14) {
  command: { name: 'bzpopmin', args: [ 'bull:ocr:marker', '10' ] }
}
ReplyError: MISCONF Errors writing to the AOF file: I/O error
    at parseError (D:\PROJECT\File-Mngt-Sys\node_modules\.pnpm\redis-parser@3.0.0\node_modules\redis-parser\lib\parser.js:179:12)
    at parseType (D:\PROJECT\File-Mngt-Sys\node_modules\.pnpm\redis-parser@3.0.0\node_modules\redis-parser\lib\parser.js:302:14) {
  command: { name: 'bzpopmin', args: [ 'bull:ocr:marker', '10' ] }
}
ReplyError: MISCONF Errors writing to the AOF file: I/O error
    at parseError (D:\PROJECT\File-Mngt-Sys\node_modules\.pnpm\redis-parser@3.0.0\node_modules\redis-parser\lib\parser.js:179:12)
    at parseType (D:\PROJECT\File-Mngt-Sys\node_modules\.pnpm\redis-parser@3.0.0\node_modules\redis-parser\lib\parser.js:302:14) {
  command: { name: 'bzpopmin', args: [ 'bull:ocr:marker', '10' ] }
}
ReplyError: MISCONF Errors writing to the AOF file: I/O error
    at parseError (D:\PROJECT\File-Mngt-Sys\node_modules\.pnpm\redis-parser@3.0.0\node_modules\redis-parser\lib\parser.js:179:12)
    at parseType (D:\PROJECT\File-Mngt-Sys\node_modules\.pnpm\redis-parser@3.0.0\node_modules\redis-parser\lib\parser.js:302:14) {
  command: { name: 'bzpopmin', args: [ 'bull:ocr:marker', '10' ] }
}
ReplyError: MISCONF Errors writing to the AOF file: I/O error
    at parseError (D:\PROJECT\File-Mngt-Sys\node_modules\.pnpm\redis-parser@3.0.0\node_modules\redis-parser\lib\parser.js:179:12)
    at parseType (D:\PROJECT\File-Mngt-Sys\node_modules\.pnpm\redis-parser@3.0.0\node_modules\redis-parser\lib\parser.js:302:14) {
  command: { name: 'bzpopmin', args: [ 'bull:ocr:marker', '10' ] }
}
ReplyError: MISCONF Errors writing to the AOF file: I/O error
    at parseError (D:\PROJECT\File-Mngt-Sys\node_modules\.pnpm\redis-parser@3.0.0\node_modules\redis-parser\lib\parser.js:179:12)
    at parseType (D:\PROJECT\File-Mngt-Sys\node_modules\.pnpm\redis-parser@3.0.0\node_modules\redis-parser\lib\parser.js:302:14) {
  command: { name: 'bzpopmin', args: [ 'bull:ocr:marker', '10' ] }
}
ReplyError: MISCONF Errors writing to the AOF file: I/O error
    at parseError (D:\PROJECT\File-Mngt-Sys\node_modules\.pnpm\redis-parser@3.0.0\node_modules\redis-parser\lib\parser.js:179:12)
    at parseType (D:\PROJECT\File-Mngt-Sys\node_modules\.pnpm\redis-parser@3.0.0\node_modules\redis-parser\lib\parser.js:302:14) {
  command: { name: 'bzpopmin', args: [ 'bull:ocr:marker', '10' ] }
}
ReplyError: MISCONF Errors writing to the AOF file: I/O error
    at parseError (D:\PROJECT\File-Mngt-Sys\node_modules\.pnpm\redis-parser@3.0.0\node_modules\redis-parser\lib\parser.js:179:12)
    at parseType (D:\PROJECT\File-Mngt-Sys\node_modules\.pnpm\redis-parser@3.0.0\node_modules\redis-parser\lib\parser.js:302:14) {
  command: { name: 'bzpopmin', args: [ 'bull:ocr:marker', '10' ] }
}
ReplyError: MISCONF Errors writing to the AOF file: I/O error
    at parseError (D:\PROJECT\File-Mngt-Sys\node_modules\.pnpm\redis-parser@3.0.0\node_modules\redis-parser\lib\parser.js:179:12)
    at parseType (D:\PROJECT\File-Mngt-Sys\node_modules\.pnpm\redis-parser@3.0.0\node_modules\redis-parser\lib\parser.js:302:14) {
  command: { name: 'bzpopmin', args: [ 'bull:ocr:marker', '10' ] }
}
ReplyError: MISCONF Errors writing to the AOF file: I/O error
    at parseError (D:\PROJECT\File-Mngt-Sys\node_modules\.pnpm\redis-parser@3.0.0\node_modules\redis-parser\lib\parser.js:179:12)
    at parseType (D:\PROJECT\File-Mngt-Sys\node_modules\.pnpm\redis-parser@3.0.0\node_modules\redis-parser\lib\parser.js:302:14) {
  command: { name: 'bzpopmin', args: [ 'bull:ocr:marker', '10' ] }
}
ReplyError: MISCONF Errors writing to the AOF file: I/O error
    at parseError (D:\PROJECT\File-Mngt-Sys\node_modules\.pnpm\redis-parser@3.0.0\node_modules\redis-parser\lib\parser.js:179:12)
    at parseType (D:\PROJECT\File-Mngt-Sys\node_modules\.pnpm\redis-parser@3.0.0\node_modules\redis-parser\lib\parser.js:302:14) {
  command: { name: 'bzpopmin', args: [ 'bull:ocr:marker', '10' ] }
}
ReplyError: MISCONF Errors writing to the AOF file: I/O error
    at parseError (D:\PROJECT\File-Mngt-Sys\node_modules\.pnpm\redis-parser@3.0.0\node_modules\redis-parser\lib\parser.js:179:12)
    at parseType (D:\PROJECT\File-Mngt-Sys\node_modules\.pnpm\redis-parser@3.0.0\node_modules\redis-parser\lib\parser.js:302:14) {
  command: { name: 'bzpopmin', args: [ 'bull:ocr:marker', '10' ] }
}
ReplyError: MISCONF Errors writing to the AOF file: I/O error
    at parseError (D:\PROJECT\File-Mngt-Sys\node_modules\.pnpm\redis-parser@3.0.0\node_modules\redis-parser\lib\parser.js:179:12)
    at parseType (D:\PROJECT\File-Mngt-Sys\node_modules\.pnpm\redis-parser@3.0.0\node_modules\redis-parser\lib\parser.js:302:14) {
  command: { name: 'bzpopmin', args: [ 'bull:ocr:marker', '10' ] }
}
ReplyError: MISCONF Errors writing to the AOF file: I/O error
    at parseError (D:\PROJECT\File-Mngt-Sys\node_modules\.pnpm\redis-parser@3.0.0\node_modules\redis-parser\lib\parser.js:179:12)
    at parseType (D:\PROJECT\File-Mngt-Sys\node_modules\.pnpm\redis-parser@3.0.0\node_modules\redis-parser\lib\parser.js:302:14) {
  command: { name: 'bzpopmin', args: [ 'bull:ocr:marker', '10' ] }
}
ReplyError: MISCONF Errors writing to the AOF file: I/O error
    at parseError (D:\PROJECT\File-Mngt-Sys\node_modules\.pnpm\redis-parser@3.0.0\node_modules\redis-parser\lib\parser.js:179:12)
    at parseType (D:\PROJECT\File-Mngt-Sys\node_modules\.pnpm\redis-parser@3.0.0\node_modules\redis-parser\lib\parser.js:302:14) {
  command: { name: 'bzpopmin', args: [ 'bull:ocr:marker', '10' ] }
}
ReplyError: MISCONF Errors writing to the AOF file: I/O error
    at parseError (D:\PROJECT\File-Mngt-Sys\node_modules\.pnpm\redis-parser@3.0.0\node_modules\redis-parser\lib\parser.js:179:12)
    at parseType (D:\PROJECT\File-Mngt-Sys\node_modules\.pnpm\redis-parser@3.0.0\node_modules\redis-parser\lib\parser.js:302:14) {
  command: { name: 'bzpopmin', args: [ 'bull:ocr:marker', '10' ] }
}
ReplyError: MISCONF Errors writing to the AOF file: I/O error
    at parseError (D:\PROJECT\File-Mngt-Sys\node_modules\.pnpm\redis-parser@3.0.0\node_modules\redis-parser\lib\parser.js:179:12)
    at parseType (D:\PROJECT\File-Mngt-Sys\node_modules\.pnpm\redis-parser@3.0.0\node_modules\redis-parser\lib\parser.js:302:14) {
  command: { name: 'bzpopmin', args: [ 'bull:ocr:marker', '10' ] }
}
ReplyError: MISCONF Errors writing to the AOF file: I/O error
    at parseError (D:\PROJECT\File-Mngt-Sys\node_modules\.pnpm\redis-parser@3.0.0\node_modules\redis-parser\lib\parser.js:179:12)
    at parseType (D:\PROJECT\File-Mngt-Sys\node_modules\.pnpm\redis-parser@3.0.0\node_modules\redis-parser\lib\parser.js:302:14) {
  command: { name: 'bzpopmin', args: [ 'bull:ocr:marker', '10' ] }
}
ReplyError: MISCONF Errors writing to the AOF file: I/O error
    at parseError (D:\PROJECT\File-Mngt-Sys\node_modules\.pnpm\redis-parser@3.0.0\node_modules\redis-parser\lib\parser.js:179:12)
    at parseType (D:\PROJECT\File-Mngt-Sys\node_modules\.pnpm\redis-parser@3.0.0\node_modules\redis-parser\lib\parser.js:302:14) {
  command: { name: 'bzpopmin', args: [ 'bull:ocr:marker', '10' ] }
}
ReplyError: MISCONF Errors writing to the AOF file: I/O error
    at parseError (D:\PROJECT\File-Mngt-Sys\node_modules\.pnpm\redis-parser@3.0.0\node_modules\redis-parser\lib\parser.js:179:12)
    at parseType (D:\PROJECT\File-Mngt-Sys\node_modules\.pnpm\redis-parser@3.0.0\node_modules\redis-parser\lib\parser.js:302:14) {
  command: { name: 'bzpopmin', args: [ 'bull:ocr:marker', '10' ] }
}
ReplyError: MISCONF Errors writing to the AOF file: I/O error
    at parseError (D:\PROJECT\File-Mngt-Sys\node_modules\.pnpm\redis-parser@3.0.0\node_modules\redis-parser\lib\parser.js:179:12)
    at parseType (D:\PROJECT\File-Mngt-Sys\node_modules\.pnpm\redis-parser@3.0.0\node_modules\redis-parser\lib\parser.js:302:14) {
  command: { name: 'bzpopmin', args: [ 'bull:ocr:marker', '10' ] }
}
[31m[Nest] 13072  - [39m08/17/2026, 2:00:04 PM [31m  ERROR[39m [38;5;3m[Scheduler] [39m[31mPrismaClientKnownRequestError: 
Invalid `this.prisma.dispatch.findMany()` invocation in
D:\PROJECT\File-Mngt-Sys\apps\api\dist\notifications\notifications.service.js:104:62

  101 const now = new Date();
  102 const startOfToday = new Date(now);
  103 startOfToday.setHours(0, 0, 0, 0);
→ 104 const overdueDispatches = await this.prisma.dispatch.findMany(
Can't reach database server at `localhost:5432`

Please make sure your database server is running at `localhost:5432`.[39m
[31m[Nest] 13072  - [39m08/17/2026, 2:25:40 PM [31m  ERROR[39m [38;5;3m[HttpExceptionFilter] [39m[31mPrismaClientKnownRequestError: 
Invalid `prisma.businessUnit.findMany()` invocation:


Can't reach database server at `localhost:5432`

Please make sure your database server is running at `localhost:5432`.
    at $n.handleRequestError (D:\PROJECT\File-Mngt-Sys\node_modules\.pnpm\@prisma+client@5.22.0_prisma@5.22.0\node_modules\@prisma\client\runtime\library.js:121:7315)
    at $n.handleAndLogRequestError (D:\PROJECT\File-Mngt-Sys\node_modules\.pnpm\@prisma+client@5.22.0_prisma@5.22.0\node_modules\@prisma\client\runtime\library.js:121:6623)
    at $n.request (D:\PROJECT\File-Mngt-Sys\node_modules\.pnpm\@prisma+client@5.22.0_prisma@5.22.0\node_modules\@prisma\client\runtime\library.js:121:6307)
    at async l (D:\PROJECT\File-Mngt-Sys\node_modules\.pnpm\@prisma+client@5.22.0_prisma@5.22.0\node_modules\@prisma\client\runtime\library.js:130:9633)[39m
[31m[Nest] 13072  - [39m08/17/2026, 2:25:44 PM [31m  ERROR[39m [38;5;3m[HttpExceptionFilter] [39m[31mPrismaClientKnownRequestError: 
Invalid `prisma.businessUnit.findMany()` invocation:


Can't reach database server at `localhost:5432`

Please make sure your database server is running at `localhost:5432`.
    at $n.handleRequestError (D:\PROJECT\File-Mngt-Sys\node_modules\.pnpm\@prisma+client@5.22.0_prisma@5.22.0\node_modules\@prisma\client\runtime\library.js:121:7315)
    at $n.handleAndLogRequestError (D:\PROJECT\File-Mngt-Sys\node_modules\.pnpm\@prisma+client@5.22.0_prisma@5.22.0\node_modules\@prisma\client\runtime\library.js:121:6623)
    at $n.request (D:\PROJECT\File-Mngt-Sys\node_modules\.pnpm\@prisma+client@5.22.0_prisma@5.22.0\node_modules\@prisma\client\runtime\library.js:121:6307)
    at async l (D:\PROJECT\File-Mngt-Sys\node_modules\.pnpm\@prisma+client@5.22.0_prisma@5.22.0\node_modules\@prisma\client\runtime\library.js:130:9633)[39m
[31m[Nest] 13072  - [39m08/17/2026, 2:27:26 PM [31m  ERROR[39m [38;5;3m[HttpExceptionFilter] [39m[31mPrismaClientKnownRequestError: 
Invalid `prisma.branch.findMany()` invocation:


Can't reach database server at `localhost:5432`

Please make sure your database server is running at `localhost:5432`.
    at $n.handleRequestError (D:\PROJECT\File-Mngt-Sys\node_modules\.pnpm\@prisma+client@5.22.0_prisma@5.22.0\node_modules\@prisma\client\runtime\library.js:121:7315)
    at $n.handleAndLogRequestError (D:\PROJECT\File-Mngt-Sys\node_modules\.pnpm\@prisma+client@5.22.0_prisma@5.22.0\node_modules\@prisma\client\runtime\library.js:121:6623)
    at $n.request (D:\PROJECT\File-Mngt-Sys\node_modules\.pnpm\@prisma+client@5.22.0_prisma@5.22.0\node_modules\@prisma\client\runtime\library.js:121:6307)
    at async l (D:\PROJECT\File-Mngt-Sys\node_modules\.pnpm\@prisma+client@5.22.0_prisma@5.22.0\node_modules\@prisma\client\runtime\library.js:130:9633)[39m
[31m[Nest] 13072  - [39m08/17/2026, 2:27:30 PM [31m  ERROR[39m [38;5;3m[HttpExceptionFilter] [39m[31mPrismaClientKnownRequestError: 
Invalid `prisma.branch.findMany()` invocation:


Can't reach database server at `localhost:5432`

Please make sure your database server is running at `localhost:5432`.
    at $n.handleRequestError (D:\PROJECT\File-Mngt-Sys\node_modules\.pnpm\@prisma+client@5.22.0_prisma@5.22.0\node_modules\@prisma\client\runtime\library.js:121:7315)
    at $n.handleAndLogRequestError (D:\PROJECT\File-Mngt-Sys\node_modules\.pnpm\@prisma+client@5.22.0_prisma@5.22.0\node_modules\@prisma\client\runtime\library.js:121:6623)
    at $n.request (D:\PROJECT\File-Mngt-Sys\node_modules\.pnpm\@prisma+client@5.22.0_prisma@5.22.0\node_modules\@prisma\client\runtime\library.js:121:6307)
    at async l (D:\PROJECT\File-Mngt-Sys\node_modules\.pnpm\@prisma+client@5.22.0_prisma@5.22.0\node_modules\@prisma\client\runtime\library.js:130:9633)[39m
[31m[Nest] 13072  - [39m08/17/2026, 2:29:12 PM [31m  ERROR[39m [38;5;3m[HttpExceptionFilter] [39m[31mPrismaClientKnownRequestError: 
Invalid `prisma.businessUnit.findMany()` invocation:


Can't reach database server at `localhost:5432`

Please make sure your database server is running at `localhost:5432`.
    at $n.handleRequestError (D:\PROJECT\File-Mngt-Sys\node_modules\.pnpm\@prisma+client@5.22.0_prisma@5.22.0\node_modules\@prisma\client\runtime\library.js:121:7315)
    at $n.handleAndLogRequestError (D:\PROJECT\File-Mngt-Sys\node_modules\.pnpm\@prisma+client@5.22.0_prisma@5.22.0\node_modules\@prisma\client\runtime\library.js:121:6623)
    at $n.request (D:\PROJECT\File-Mngt-Sys\node_modules\.pnpm\@prisma+client@5.22.0_prisma@5.22.0\node_modules\@prisma\client\runtime\library.js:121:6307)
    at async l (D:\PROJECT\File-Mngt-Sys\node_modules\.pnpm\@prisma+client@5.22.0_prisma@5.22.0\node_modules\@prisma\client\runtime\library.js:130:9633)[39m
[31m[Nest] 13072  - [39m08/17/2026, 2:29:16 PM [31m  ERROR[39m [38;5;3m[HttpExceptionFilter] [39m[31mPrismaClientKnownRequestError: 
Invalid `prisma.businessUnit.findMany()` invocation:


Can't reach database server at `localhost:5432`

Please make sure your database server is running at `localhost:5432`.
    at $n.handleRequestError (D:\PROJECT\File-Mngt-Sys\node_modules\.pnpm\@prisma+client@5.22.0_prisma@5.22.0\node_modules\@prisma\client\runtime\library.js:121:7315)
    at $n.handleAndLogRequestError (D:\PROJECT\File-Mngt-Sys\node_modules\.pnpm\@prisma+client@5.22.0_prisma@5.22.0\node_modules\@prisma\client\runtime\library.js:121:6623)
    at $n.request (D:\PROJECT\File-Mngt-Sys\node_modules\.pnpm\@prisma+client@5.22.0_prisma@5.22.0\node_modules\@prisma\client\runtime\library.js:121:6307)
    at async l (D:\PROJECT\File-Mngt-Sys\node_modules\.pnpm\@prisma+client@5.22.0_prisma@5.22.0\node_modules\@prisma\client\runtime\library.js:130:9633)[39m
[31m[Nest] 13072  - [39m08/17/2026, 2:29:29 PM [31m  ERROR[39m [38;5;3m[HttpExceptionFilter] [39m[31mPrismaClientKnownRequestError: 
Invalid `prisma.branch.findMany()` invocation:


Can't reach database server at `localhost:5432`

Please make sure your database server is running at `localhost:5432`.
    at $n.handleRequestError (D:\PROJECT\File-Mngt-Sys\node_modules\.pnpm\@prisma+client@5.22.0_prisma@5.22.0\node_modules\@prisma\client\runtime\library.js:121:7315)
    at $n.handleAndLogRequestError (D:\PROJECT\File-Mngt-Sys\node_modules\.pnpm\@prisma+client@5.22.0_prisma@5.22.0\node_modules\@prisma\client\runtime\library.js:121:6623)
    at $n.request (D:\PROJECT\File-Mngt-Sys\node_modules\.pnpm\@prisma+client@5.22.0_prisma@5.22.0\node_modules\@prisma\client\runtime\library.js:121:6307)
    at async l (D:\PROJECT\File-Mngt-Sys\node_modules\.pnpm\@prisma+client@5.22.0_prisma@5.22.0\node_modules\@prisma\client\runtime\library.js:130:9633)[39m
[31m[Nest] 13072  - [39m08/17/2026, 2:29:33 PM [31m  ERROR[39m [38;5;3m[HttpExceptionFilter] [39m[31mPrismaClientKnownRequestError: 
Invalid `prisma.branch.findMany()` invocation:


Can't reach database server at `localhost:5432`

Please make sure your database server is running at `localhost:5432`.
    at $n.handleRequestError (D:\PROJECT\File-Mngt-Sys\node_modules\.pnpm\@prisma+client@5.22.0_prisma@5.22.0\node_modules\@prisma\client\runtime\library.js:121:7315)
    at $n.handleAndLogRequestError (D:\PROJECT\File-Mngt-Sys\node_modules\.pnpm\@prisma+client@5.22.0_prisma@5.22.0\node_modules\@prisma\client\runtime\library.js:121:6623)
    at $n.request (D:\PROJECT\File-Mngt-Sys\node_modules\.pnpm\@prisma+client@5.22.0_prisma@5.22.0\node_modules\@prisma\client\runtime\library.js:121:6307)
    at async l (D:\PROJECT\File-Mngt-Sys\node_modules\.pnpm\@prisma+client@5.22.0_prisma@5.22.0\node_modules\@prisma\client\runtime\library.js:130:9633)[39m
[31m[Nest] 13072  - [39m08/17/2026, 2:30:04 PM [31m  ERROR[39m [38;5;3m[Scheduler] [39m[31mPrismaClientKnownRequestError: 
Invalid `prisma.dispatch.findMany()` invocation:


Can't reach database server at `localhost:5432`

Please make sure your database server is running at `localhost:5432`.[39m
[31m[Nest] 13072  - [39m08/17/2026, 3:00:04 PM [31m  ERROR[39m [38;5;3m[Scheduler] [39m[31mPrismaClientKnownRequestError: 
Invalid `prisma.dispatch.findMany()` invocation:


Can't reach database server at `localhost:5432`

Please make sure your database server is running at `localhost:5432`.[39m
[31m[Nest] 13072  - [39m08/17/2026, 3:30:04 PM [31m  ERROR[39m [38;5;3m[Scheduler] [39m[31mPrismaClientKnownRequestError: 
Invalid `prisma.dispatch.findMany()` invocation:


Can't reach database server at `localhost:5432`

Please make sure your database server is running at `localhost:5432`.[39m
[31m[Nest] 13072  - [39m08/17/2026, 4:00:04 PM [31m  ERROR[39m [38;5;3m[Scheduler] [39m[31mPrismaClientKnownRequestError: 
Invalid `prisma.dispatch.findMany()` invocation:


Can't reach database server at `localhost:5432`

Please make sure your database server is running at `localhost:5432`.[39m
[31m[Nest] 13072  - [39m08/17/2026, 4:13:58 PM [31m  ERROR[39m [38;5;3m[HttpExceptionFilter] [39m[31mPrismaClientKnownRequestError: 
Invalid `prisma.businessUnit.findMany()` invocation:


Can't reach database server at `localhost:5432`

Please make sure your database server is running at `localhost:5432`.
    at $n.handleRequestError (D:\PROJECT\File-Mngt-Sys\node_modules\.pnpm\@prisma+client@5.22.0_prisma@5.22.0\node_modules\@prisma\client\runtime\library.js:121:7315)
    at $n.handleAndLogRequestError (D:\PROJECT\File-Mngt-Sys\node_modules\.pnpm\@prisma+client@5.22.0_prisma@5.22.0\node_modules\@prisma\client\runtime\library.js:121:6623)
    at $n.request (D:\PROJECT\File-Mngt-Sys\node_modules\.pnpm\@prisma+client@5.22.0_prisma@5.22.0\node_modules\@prisma\client\runtime\library.js:121:6307)
    at async l (D:\PROJECT\File-Mngt-Sys\node_modules\.pnpm\@prisma+client@5.22.0_prisma@5.22.0\node_modules\@prisma\client\runtime\library.js:130:9633)[39m
[31m[Nest] 13072  - [39m08/17/2026, 4:14:02 PM [31m  ERROR[39m [38;5;3m[HttpExceptionFilter] [39m[31mPrismaClientKnownRequestError: 
Invalid `prisma.businessUnit.findMany()` invocation:


Can't reach database server at `localhost:5432`

Please make sure your database server is running at `localhost:5432`.
    at $n.handleRequestError (D:\PROJECT\File-Mngt-Sys\node_modules\.pnpm\@prisma+client@5.22.0_prisma@5.22.0\node_modules\@prisma\client\runtime\library.js:121:7315)
    at $n.handleAndLogRequestError (D:\PROJECT\File-Mngt-Sys\node_modules\.pnpm\@prisma+client@5.22.0_prisma@5.22.0\node_modules\@prisma\client\runtime\library.js:121:6623)
    at $n.request (D:\PROJECT\File-Mngt-Sys\node_modules\.pnpm\@prisma+client@5.22.0_prisma@5.22.0\node_modules\@prisma\client\runtime\library.js:121:6307)
    at async l (D:\PROJECT\File-Mngt-Sys\node_modules\.pnpm\@prisma+client@5.22.0_prisma@5.22.0\node_modules\@prisma\client\runtime\library.js:130:9633)[39m
[31m[Nest] 13072  - [39m08/17/2026, 4:30:04 PM [31m  ERROR[39m [38;5;3m[Scheduler] [39m[31mPrismaClientKnownRequestError: 
Invalid `prisma.dispatch.findMany()` invocation:


Can't reach database server at `localhost:5432`

Please make sure your database server is running at `localhost:5432`.[39m
[31m[Nest] 13072  - [39m08/17/2026, 5:00:04 PM [31m  ERROR[39m [38;5;3m[Scheduler] [39m[31mPrismaClientKnownRequestError: 
Invalid `prisma.dispatch.findMany()` invocation:


Can't reach database server at `localhost:5432`

Please make sure your database server is running at `localhost:5432`.[39m
[31m[Nest] 13072  - [39m08/17/2026, 5:18:06 PM [31m  ERROR[39m [38;5;3m[HttpExceptionFilter] [39m[31mPrismaClientKnownRequestError: 
Invalid `prisma.businessUnit.findMany()` invocation:


Can't reach database server at `localhost:5432`

Please make sure your database server is running at `localhost:5432`.
    at $n.handleRequestError (D:\PROJECT\File-Mngt-Sys\node_modules\.pnpm\@prisma+client@5.22.0_prisma@5.22.0\node_modules\@prisma\client\runtime\library.js:121:7315)
    at $n.handleAndLogRequestError (D:\PROJECT\File-Mngt-Sys\node_modules\.pnpm\@prisma+client@5.22.0_prisma@5.22.0\node_modules\@prisma\client\runtime\library.js:121:6623)
    at $n.request (D:\PROJECT\File-Mngt-Sys\node_modules\.pnpm\@prisma+client@5.22.0_prisma@5.22.0\node_modules\@prisma\client\runtime\library.js:121:6307)
    at async l (D:\PROJECT\File-Mngt-Sys\node_modules\.pnpm\@prisma+client@5.22.0_prisma@5.22.0\node_modules\@prisma\client\runtime\library.js:130:9633)[39m
[31m[Nest] 13072  - [39m08/17/2026, 5:18:10 PM [31m  ERROR[39m [38;5;3m[HttpExceptionFilter] [39m[31mPrismaClientKnownRequestError: 
Invalid `prisma.businessUnit.findMany()` invocation:


Can't reach database server at `localhost:5432`

Please make sure your database server is running at `localhost:5432`.
    at $n.handleRequestError (D:\PROJECT\File-Mngt-Sys\node_modules\.pnpm\@prisma+client@5.22.0_prisma@5.22.0\node_modules\@prisma\client\runtime\library.js:121:7315)
    at $n.handleAndLogRequestError (D:\PROJECT\File-Mngt-Sys\node_modules\.pnpm\@prisma+client@5.22.0_prisma@5.22.0\node_modules\@prisma\client\runtime\library.js:121:6623)
    at $n.request (D:\PROJECT\File-Mngt-Sys\node_modules\.pnpm\@prisma+client@5.22.0_prisma@5.22.0\node_modules\@prisma\client\runtime\library.js:121:6307)
    at async l (D:\PROJECT\File-Mngt-Sys\node_modules\.pnpm\@prisma+client@5.22.0_prisma@5.22.0\node_modules\@prisma\client\runtime\library.js:130:9633)[39m
[31m[Nest] 13072  - [39m08/17/2026, 5:24:01 PM [31m  ERROR[39m [38;5;3m[HttpExceptionFilter] [39m[31mPrismaClientKnownRequestError: 
Invalid `prisma.businessUnit.findMany()` invocation:


Can't reach database server at `localhost:5432`

Please make sure your database server is running at `localhost:5432`.
    at $n.handleRequestError (D:\PROJECT\File-Mngt-Sys\node_modules\.pnpm\@prisma+client@5.22.0_prisma@5.22.0\node_modules\@prisma\client\runtime\library.js:121:7315)
    at $n.handleAndLogRequestError (D:\PROJECT\File-Mngt-Sys\node_modules\.pnpm\@prisma+client@5.22.0_prisma@5.22.0\node_modules\@prisma\client\runtime\library.js:121:6623)
    at $n.request (D:\PROJECT\File-Mngt-Sys\node_modules\.pnpm\@prisma+client@5.22.0_prisma@5.22.0\node_modules\@prisma\client\runtime\library.js:121:6307)
    at async l (D:\PROJECT\File-Mngt-Sys\node_modules\.pnpm\@prisma+client@5.22.0_prisma@5.22.0\node_modules\@prisma\client\runtime\library.js:130:9633)[39m
[31m[Nest] 13072  - [39m08/17/2026, 5:30:04 PM [31m  ERROR[39m [38;5;3m[Scheduler] [39m[31mPrismaClientKnownRequestError: 
Invalid `prisma.dispatch.findMany()` invocation:


Can't reach database server at `localhost:5432`

Please make sure your database server is running at `localhost:5432`.[39m
[31m[Nest] 13072  - [39m08/17/2026, 5:31:55 PM [31m  ERROR[39m [38;5;3m[HttpExceptionFilter] [39m[31mPrismaClientKnownRequestError: 
Invalid `prisma.businessUnit.findMany()` invocation:


Can't reach database server at `localhost:5432`

Please make sure your database server is running at `localhost:5432`.
    at $n.handleRequestError (D:\PROJECT\File-Mngt-Sys\node_modules\.pnpm\@prisma+client@5.22.0_prisma@5.22.0\node_modules\@prisma\client\runtime\library.js:121:7315)
    at $n.handleAndLogRequestError (D:\PROJECT\File-Mngt-Sys\node_modules\.pnpm\@prisma+client@5.22.0_prisma@5.22.0\node_modules\@prisma\client\runtime\library.js:121:6623)
    at $n.request (D:\PROJECT\File-Mngt-Sys\node_modules\.pnpm\@prisma+client@5.22.0_prisma@5.22.0\node_modules\@prisma\client\runtime\library.js:121:6307)
    at async l (D:\PROJECT\File-Mngt-Sys\node_modules\.pnpm\@prisma+client@5.22.0_prisma@5.22.0\node_modules\@prisma\client\runtime\library.js:130:9633)[39m
[31m[Nest] 13072  - [39m08/17/2026, 5:31:59 PM [31m  ERROR[39m [38;5;3m[HttpExceptionFilter] [39m[31mPrismaClientKnownRequestError: 
Invalid `prisma.businessUnit.findMany()` invocation:


Can't reach database server at `localhost:5432`

Please make sure your database server is running at `localhost:5432`.
    at $n.handleRequestError (D:\PROJECT\File-Mngt-Sys\node_modules\.pnpm\@prisma+client@5.22.0_prisma@5.22.0\node_modules\@prisma\client\runtime\library.js:121:7315)
    at $n.handleAndLogRequestError (D:\PROJECT\File-Mngt-Sys\node_modules\.pnpm\@prisma+client@5.22.0_prisma@5.22.0\node_modules\@prisma\client\runtime\library.js:121:6623)
    at $n.request (D:\PROJECT\File-Mngt-Sys\node_modules\.pnpm\@prisma+client@5.22.0_prisma@5.22.0\node_modules\@prisma\client\runtime\library.js:121:6307)
    at async l (D:\PROJECT\File-Mngt-Sys\node_modules\.pnpm\@prisma+client@5.22.0_prisma@5.22.0\node_modules\@prisma\client\runtime\library.js:130:9633)[39m
[31m[Nest] 13072  - [39m08/17/2026, 7:43:54 PM [31m  ERROR[39m [38;5;3m[Scheduler] [39m[31mPrismaClientKnownRequestError: 
Invalid `prisma.dispatch.findMany()` invocation:


Can't reach database server at `localhost:5432`

Please make sure your database server is running at `localhost:5432`.[39m
[31m[Nest] 13072  - [39m08/18/2026, 2:50:53 AM [31m  ERROR[39m [38;5;3m[Scheduler] [39m[31mPrismaClientKnownRequestError: 
Invalid `prisma.dispatch.findMany()` invocation:


Can't reach database server at `localhost:5432`

Please make sure your database server is running at `localhost:5432`.[39m
[31m[Nest] 13072  - [39m08/18/2026, 2:50:56 AM [31m  ERROR[39m [38;5;3m[Scheduler] [39m[31mPrismaClientKnownRequestError: 
Invalid `prisma.document.findMany()` invocation:


Can't reach database server at `localhost:5432`

Please make sure your database server is running at `localhost:5432`.[39m
[31m[Nest] 13072  - [39m08/18/2026, 6:58:07 AM [31m  ERROR[39m [38;5;3m[Scheduler] [39m[31mPrismaClientKnownRequestError: 
Invalid `prisma.dispatch.findMany()` invocation:


Can't reach database server at `localhost:5432`

Please make sure your database server is running at `localhost:5432`.[39m
[31m[Nest] 13072  - [39m08/18/2026, 7:00:04 AM [31m  ERROR[39m [38;5;3m[Scheduler] [39m[31mPrismaClientKnownRequestError: 
Invalid `prisma.dispatch.findMany()` invocation:


Can't reach database server at `localhost:5432`

Please make sure your database server is running at `localhost:5432`.[39m
[31m[Nest] 13072  - [39m08/18/2026, 7:34:01 AM [31m  ERROR[39m [38;5;3m[Scheduler] [39m[31mPrismaClientKnownRequestError: 
Invalid `prisma.dispatch.findMany()` invocation:


Can't reach database server at `localhost:5432`

Please make sure your database server is running at `localhost:5432`.[39m
[31m[Nest] 13072  - [39m08/18/2026, 8:00:04 AM [31m  ERROR[39m [38;5;3m[Scheduler] [39m[31mPrismaClientKnownRequestError: 
Invalid `prisma.dispatch.findMany()` invocation:


Can't reach database server at `localhost:5432`

Please make sure your database server is running at `localhost:5432`.[39m
[31m[Nest] 13072  - [39m08/18/2026, 8:30:04 AM [31m  ERROR[39m [38;5;3m[Scheduler] [39m[31mPrismaClientKnownRequestError: 
Invalid `prisma.dispatch.findMany()` invocation:


Can't reach database server at `localhost:5432`

Please make sure your database server is running at `localhost:5432`.[39m
[31m[Nest] 13072  - [39m08/18/2026, 9:00:04 AM [31m  ERROR[39m [38;5;3m[Scheduler] [39m[31mPrismaClientKnownRequestError: 
Invalid `prisma.dispatch.findMany()` invocation:


Can't reach database server at `localhost:5432`

Please make sure your database server is running at `localhost:5432`.[39m
[31m[Nest] 13072  - [39m08/18/2026, 9:30:04 AM [31m  ERROR[39m [38;5;3m[Scheduler] [39m[31mPrismaClientKnownRequestError: 
Invalid `prisma.dispatch.findMany()` invocation:


Can't reach database server at `localhost:5432`

Please make sure your database server is running at `localhost:5432`.[39m
[31m[Nest] 13072  - [39m08/18/2026, 10:00:04 AM [31m  ERROR[39m [38;5;3m[Scheduler] [39m[31mPrismaClientKnownRequestError: 
Invalid `prisma.dispatch.findMany()` invocation:


Can't reach database server at `localhost:5432`

Please make sure your database server is running at `localhost:5432`.[39m
[31m[Nest] 13072  - [39m08/18/2026, 10:30:04 AM [31m  ERROR[39m [38;5;3m[Scheduler] [39m[31mPrismaClientKnownRequestError: 
Invalid `prisma.dispatch.findMany()` invocation:


Can't reach database server at `localhost:5432`

Please make sure your database server is running at `localhost:5432`.[39m
[31m[Nest] 13072  - [39m08/18/2026, 11:00:04 AM [31m  ERROR[39m [38;5;3m[Scheduler] [39m[31mPrismaClientKnownRequestError: 
Invalid `prisma.dispatch.findMany()` invocation:


Can't reach database server at `localhost:5432`

Please make sure your database server is running at `localhost:5432`.[39m
[31m[Nest] 13072  - [39m08/18/2026, 11:30:04 AM [31m  ERROR[39m [38;5;3m[Scheduler] [39m[31mPrismaClientKnownRequestError: 
Invalid `prisma.dispatch.findMany()` invocation:


Can't reach database server at `localhost:5432`

Please make sure your database server is running at `localhost:5432`.[39m
[31m[Nest] 13072  - [39m08/18/2026, 12:00:04 PM [31m  ERROR[39m [38;5;3m[Scheduler] [39m[31mPrismaClientKnownRequestError: 
Invalid `prisma.dispatch.findMany()` invocation:


Can't reach database server at `localhost:5432`

Please make sure your database server is running at `localhost:5432`.[39m
[31m[Nest] 13072  - [39m08/18/2026, 12:30:04 PM [31m  ERROR[39m [38;5;3m[Scheduler] [39m[31mPrismaClientKnownRequestError: 
Invalid `prisma.dispatch.findMany()` invocation:


Can't reach database server at `localhost:5432`

Please make sure your database server is running at `localhost:5432`.[39m
[31m[Nest] 13072  - [39m08/18/2026, 1:00:04 PM [31m  ERROR[39m [38;5;3m[Scheduler] [39m[31mPrismaClientKnownRequestError: 
Invalid `prisma.dispatch.findMany()` invocation:


Can't reach database server at `localhost:5432`

Please make sure your database server is running at `localhost:5432`.[39m
[31m[Nest] 13072  - [39m08/18/2026, 1:30:04 PM [31m  ERROR[39m [38;5;3m[Scheduler] [39m[31mPrismaClientKnownRequestError: 
Invalid `prisma.dispatch.findMany()` invocation:


Can't reach database server at `localhost:5432`

Please make sure your database server is running at `localhost:5432`.[39m
[31m[Nest] 13072  - [39m08/18/2026, 2:00:04 PM [31m  ERROR[39m [38;5;3m[Scheduler] [39m[31mPrismaClientKnownRequestError: 
Invalid `prisma.dispatch.findMany()` invocation:


Can't reach database server at `localhost:5432`

Please make sure your database server is running at `localhost:5432`.[39m
[31m[Nest] 13072  - [39m08/18/2026, 2:30:04 PM [31m  ERROR[39m [38;5;3m[Scheduler] [39m[31mPrismaClientKnownRequestError: 
Invalid `prisma.dispatch.findMany()` invocation:


Can't reach database server at `localhost:5432`

Please make sure your database server is running at `localhost:5432`.[39m
[31m[Nest] 13072  - [39m08/18/2026, 3:00:04 PM [31m  ERROR[39m [38;5;3m[Scheduler] [39m[31mPrismaClientKnownRequestError: 
Invalid `prisma.dispatch.findMany()` invocation:


Can't reach database server at `localhost:5432`

Please make sure your database server is running at `localhost:5432`.[39m
[31m[Nest] 13072  - [39m08/18/2026, 3:42:50 PM [31m  ERROR[39m [38;5;3m[Scheduler] [39m[31mPrismaClientKnownRequestError: 
Invalid `prisma.dispatch.findMany()` invocation:


Can't reach database server at `localhost:5432`

Please make sure your database server is running at `localhost:5432`.[39m
[31m[Nest] 13072  - [39m08/18/2026, 4:00:28 PM [31m  ERROR[39m [38;5;3m[Scheduler] [39m[31mPrismaClientKnownRequestError: 
Invalid `prisma.dispatch.findMany()` invocation:


Can't reach database server at `localhost:5432`

Please make sure your database server is running at `localhost:5432`.[39m
[31m[Nest] 13072  - [39m08/18/2026, 4:30:04 PM [31m  ERROR[39m [38;5;3m[Scheduler] [39m[31mPrismaClientKnownRequestError: 
Invalid `prisma.dispatch.findMany()` invocation:


Can't reach database server at `localhost:5432`

Please make sure your database server is running at `localhost:5432`.[39m
[31m[Nest] 13072  - [39m08/18/2026, 5:21:10 PM [31m  ERROR[39m [38;5;3m[Scheduler] [39m[31mPrismaClientKnownRequestError: 
Invalid `prisma.dispatch.findMany()` invocation:


Can't reach database server at `localhost:5432`

Please make sure your database server is running at `localhost:5432`.[39m
[31m[Nest] 13072  - [39m08/18/2026, 5:30:04 PM [31m  ERROR[39m [38;5;3m[Scheduler] [39m[31mPrismaClientKnownRequestError: 
Invalid `prisma.dispatch.findMany()` invocation:


Can't reach database server at `localhost:5432`

Please make sure your database server is running at `localhost:5432`.[39m
[31m[Nest] 13072  - [39m08/18/2026, 6:00:04 PM [31m  ERROR[39m [38;5;3m[Scheduler] [39m[31mPrismaClientKnownRequestError: 
Invalid `prisma.dispatch.findMany()` invocation:


Can't reach database server at `localhost:5432`

Please make sure your database server is running at `localhost:5432`.[39m
[31m[Nest] 13072  - [39m08/19/2026, 3:29:41 AM [31m  ERROR[39m [38;5;3m[Scheduler] [39m[31mPrismaClientKnownRequestError: 
Invalid `prisma.dispatch.findMany()` invocation:


Can't reach database server at `localhost:5432`

Please make sure your database server is running at `localhost:5432`.[39m
[31m[Nest] 13072  - [39m08/19/2026, 3:29:44 AM [31m  ERROR[39m [38;5;3m[Scheduler] [39m[31mPrismaClientKnownRequestError: 
Invalid `prisma.dispatch.findMany()` invocation:


Can't reach database server at `localhost:5432`

Please make sure your database server is running at `localhost:5432`.[39m
[31m[Nest] 13072  - [39m08/19/2026, 3:29:46 AM [31m  ERROR[39m [38;5;3m[Scheduler] [39m[31mPrismaClientKnownRequestError: 
Invalid `prisma.document.findMany()` invocation:


Can't reach database server at `localhost:5432`

Please make sure your database server is running at `localhost:5432`.[39m
[31m[Nest] 13072  - [39m08/19/2026, 6:48:39 AM [31m  ERROR[39m [38;5;3m[Scheduler] [39m[31mPrismaClientKnownRequestError: 
Invalid `prisma.dispatch.findMany()` invocation:


Can't reach database server at `localhost:5432`

Please make sure your database server is running at `localhost:5432`.[39m
[31m[Nest] 13072  - [39m08/19/2026, 7:00:04 AM [31m  ERROR[39m [38;5;3m[Scheduler] [39m[31mPrismaClientKnownRequestError: 
Invalid `prisma.dispatch.findMany()` invocation:


Can't reach database server at `localhost:5432`

Please make sure your database server is running at `localhost:5432`.[39m
[31m[Nest] 13072  - [39m08/19/2026, 7:30:04 AM [31m  ERROR[39m [38;5;3m[Scheduler] [39m[31mPrismaClientKnownRequestError: 
Invalid `prisma.dispatch.findMany()` invocation:


Can't reach database server at `localhost:5432`

Please make sure your database server is running at `localhost:5432`.[39m
[31m[Nest] 13072  - [39m08/19/2026, 8:00:04 AM [31m  ERROR[39m [38;5;3m[Scheduler] [39m[31mPrismaClientKnownRequestError: 
Invalid `prisma.dispatch.findMany()` invocation:


Can't reach database server at `localhost:5432`

Please make sure your database server is running at `localhost:5432`.[39m
[31m[Nest] 13072  - [39m08/19/2026, 8:30:04 AM [31m  ERROR[39m [38;5;3m[Scheduler] [39m[31mPrismaClientKnownRequestError: 
Invalid `prisma.dispatch.findMany()` invocation:


Can't reach database server at `localhost:5432`

Please make sure your database server is running at `localhost:5432`.[39m
[31m[Nest] 13072  - [39m08/19/2026, 9:00:04 AM [31m  ERROR[39m [38;5;3m[Scheduler] [39m[31mPrismaClientKnownRequestError: 
Invalid `prisma.dispatch.findMany()` invocation:


Can't reach database server at `localhost:5432`

Please make sure your database server is running at `localhost:5432`.[39m
[31m[Nest] 13072  - [39m08/19/2026, 9:30:04 AM [31m  ERROR[39m [38;5;3m[Scheduler] [39m[31mPrismaClientKnownRequestError: 
Invalid `prisma.dispatch.findMany()` invocation:


Can't reach database server at `localhost:5432`

Please make sure your database server is running at `localhost:5432`.[39m
[31m[Nest] 13072  - [39m08/19/2026, 10:00:04 AM [31m  ERROR[39m [38;5;3m[Scheduler] [39m[31mPrismaClientKnownRequestError: 
Invalid `prisma.dispatch.findMany()` invocation:


Can't reach database server at `localhost:5432`

Please make sure your database server is running at `localhost:5432`.[39m
[31m[Nest] 13072  - [39m08/19/2026, 10:30:04 AM [31m  ERROR[39m [38;5;3m[Scheduler] [39m[31mPrismaClientKnownRequestError: 
Invalid `prisma.dispatch.findMany()` invocation:


Can't reach database server at `localhost:5432`

Please make sure your database server is running at `localhost:5432`.[39m
[31m[Nest] 13072  - [39m08/19/2026, 11:00:04 AM [31m  ERROR[39m [38;5;3m[Scheduler] [39m[31mPrismaClientKnownRequestError: 
Invalid `prisma.dispatch.findMany()` invocation:


Can't reach database server at `localhost:5432`

Please make sure your database server is running at `localhost:5432`.[39m
[31m[Nest] 13072  - [39m08/19/2026, 11:30:04 AM [31m  ERROR[39m [38;5;3m[Scheduler] [39m[31mPrismaClientKnownRequestError: 
Invalid `prisma.dispatch.findMany()` invocation:


Can't reach database server at `localhost:5432`

Please make sure your database server is running at `localhost:5432`.[39m
[31m[Nest] 13072  - [39m08/19/2026, 12:00:04 PM [31m  ERROR[39m [38;5;3m[Scheduler] [39m[31mPrismaClientKnownRequestError: 
Invalid `prisma.dispatch.findMany()` invocation:


Can't reach database server at `localhost:5432`

Please make sure your database server is running at `localhost:5432`.[39m
[31m[Nest] 13072  - [39m08/19/2026, 12:30:04 PM [31m  ERROR[39m [38;5;3m[Scheduler] [39m[31mPrismaClientKnownRequestError: 
Invalid `prisma.dispatch.findMany()` invocation:


Can't reach database server at `localhost:5432`

Please make sure your database server is running at `localhost:5432`.[39m
[31m[Nest] 13072  - [39m08/19/2026, 1:00:04 PM [31m  ERROR[39m [38;5;3m[Scheduler] [39m[31mPrismaClientKnownRequestError: 
Invalid `prisma.dispatch.findMany()` invocation:


Can't reach database server at `localhost:5432`

Please make sure your database server is running at `localhost:5432`.[39m
[31m[Nest] 13072  - [39m08/19/2026, 1:30:04 PM [31m  ERROR[39m [38;5;3m[Scheduler] [39m[31mPrismaClientKnownRequestError: 
Invalid `prisma.dispatch.findMany()` invocation:


Can't reach database server at `localhost:5432`

Please make sure your database server is running at `localhost:5432`.[39m
[31m[Nest] 13072  - [39m08/19/2026, 2:00:04 PM [31m  ERROR[39m [38;5;3m[Scheduler] [39m[31mPrismaClientKnownRequestError: 
Invalid `prisma.dispatch.findMany()` invocation:


Can't reach database server at `localhost:5432`

Please make sure your database server is running at `localhost:5432`.[39m
[31m[Nest] 13072  - [39m08/19/2026, 2:30:04 PM [31m  ERROR[39m [38;5;3m[Scheduler] [39m[31mPrismaClientKnownRequestError: 
Invalid `prisma.dispatch.findMany()` invocation:


Can't reach database server at `localhost:5432`

Please make sure your database server is running at `localhost:5432`.[39m
[31m[Nest] 13072  - [39m08/19/2026, 3:00:04 PM [31m  ERROR[39m [38;5;3m[Scheduler] [39m[31mPrismaClientKnownRequestError: 
Invalid `prisma.dispatch.findMany()` invocation:


Can't reach database server at `localhost:5432`

Please make sure your database server is running at `localhost:5432`.[39m
[31m[Nest] 13072  - [39m08/19/2026, 3:30:04 PM [31m  ERROR[39m [38;5;3m[Scheduler] [39m[31mPrismaClientKnownRequestError: 
Invalid `prisma.dispatch.findMany()` invocation:


Can't reach database server at `localhost:5432`

Please make sure your database server is running at `localhost:5432`.[39m
[31m[Nest] 13072  - [39m08/19/2026, 4:00:04 PM [31m  ERROR[39m [38;5;3m[Scheduler] [39m[31mPrismaClientKnownRequestError: 
Invalid `prisma.dispatch.findMany()` invocation:


Can't reach database server at `localhost:5432`

Please make sure your database server is running at `localhost:5432`.[39m
[31m[Nest] 13072  - [39m08/19/2026, 4:30:04 PM [31m  ERROR[39m [38;5;3m[Scheduler] [39m[31mPrismaClientKnownRequestError: 
Invalid `prisma.dispatch.findMany()` invocation:


Can't reach database server at `localhost:5432`

Please make sure your database server is running at `localhost:5432`.[39m
[31m[Nest] 13072  - [39m08/19/2026, 4:43:29 PM [31m  ERROR[39m [38;5;3m[HttpExceptionFilter] [39m[31mPrismaClientKnownRequestError: 
Invalid `prisma.businessUnit.findMany()` invocation:


Can't reach database server at `localhost:5432`

Please make sure your database server is running at `localhost:5432`.
    at $n.handleRequestError (D:\PROJECT\File-Mngt-Sys\node_modules\.pnpm\@prisma+client@5.22.0_prisma@5.22.0\node_modules\@prisma\client\runtime\library.js:121:7315)
    at $n.handleAndLogRequestError (D:\PROJECT\File-Mngt-Sys\node_modules\.pnpm\@prisma+client@5.22.0_prisma@5.22.0\node_modules\@prisma\client\runtime\library.js:121:6623)
    at $n.request (D:\PROJECT\File-Mngt-Sys\node_modules\.pnpm\@prisma+client@5.22.0_prisma@5.22.0\node_modules\@prisma\client\runtime\library.js:121:6307)
    at async l (D:\PROJECT\File-Mngt-Sys\node_modules\.pnpm\@prisma+client@5.22.0_prisma@5.22.0\node_modules\@prisma\client\runtime\library.js:130:9633)[39m
[31m[Nest] 13072  - [39m08/19/2026, 4:43:34 PM [31m  ERROR[39m [38;5;3m[HttpExceptionFilter] [39m[31mPrismaClientKnownRequestError: 
Invalid `prisma.businessUnit.findMany()` invocation:


Can't reach database server at `localhost:5432`

Please make sure your database server is running at `localhost:5432`.
    at $n.handleRequestError (D:\PROJECT\File-Mngt-Sys\node_modules\.pnpm\@prisma+client@5.22.0_prisma@5.22.0\node_modules\@prisma\client\runtime\library.js:121:7315)
    at $n.handleAndLogRequestError (D:\PROJECT\File-Mngt-Sys\node_modules\.pnpm\@prisma+client@5.22.0_prisma@5.22.0\node_modules\@prisma\client\runtime\library.js:121:6623)
    at $n.request (D:\PROJECT\File-Mngt-Sys\node_modules\.pnpm\@prisma+client@5.22.0_prisma@5.22.0\node_modules\@prisma\client\runtime\library.js:121:6307)
    at async l (D:\PROJECT\File-Mngt-Sys\node_modules\.pnpm\@prisma+client@5.22.0_prisma@5.22.0\node_modules\@prisma\client\runtime\library.js:130:9633)[39m
[31m[Nest] 13072  - [39m08/19/2026, 5:00:04 PM [31m  ERROR[39m [38;5;3m[Scheduler] [39m[31mPrismaClientKnownRequestError: 
Invalid `prisma.dispatch.findMany()` invocation:


Can't reach database server at `localhost:5432`

Please make sure your database server is running at `localhost:5432`.[39m
[31m[Nest] 13072  - [39m08/19/2026, 5:30:04 PM [31m  ERROR[39m [38;5;3m[Scheduler] [39m[31mPrismaClientKnownRequestError: 
Invalid `prisma.dispatch.findMany()` invocation:


Can't reach database server at `localhost:5432`

Please make sure your database server is running at `localhost:5432`.[39m
[31m[Nest] 13072  - [39m08/19/2026, 6:00:04 PM [31m  ERROR[39m [38;5;3m[Scheduler] [39m[31mPrismaClientKnownRequestError: 
Invalid `prisma.dispatch.findMany()` invocation:


Can't reach database server at `localhost:5432`

Please make sure your database server is running at `localhost:5432`.[39m
[31m[Nest] 13072  - [39m08/19/2026, 6:30:04 PM [31m  ERROR[39m [38;5;3m[Scheduler] [39m[31mPrismaClientKnownRequestError: 
Invalid `prisma.dispatch.findMany()` invocation:


Can't reach database server at `localhost:5432`

Please make sure your database server is running at `localhost:5432`.[39m
[31m[Nest] 13072  - [39m08/19/2026, 9:17:39 PM [31m  ERROR[39m [38;5;3m[Scheduler] [39m[31mPrismaClientKnownRequestError: 
Invalid `prisma.dispatch.findMany()` invocation:


Can't reach database server at `localhost:5432`

Please make sure your database server is running at `localhost:5432`.[39m
[31m[Nest] 13072  - [39m08/19/2026, 9:30:04 PM [31m  ERROR[39m [38;5;3m[Scheduler] [39m[31mPrismaClientKnownRequestError: 
Invalid `prisma.dispatch.findMany()` invocation:


Can't reach database server at `localhost:5432`

Please make sure your database server is running at `localhost:5432`.[39m
[31m[Nest] 13072  - [39m08/19/2026, 10:00:04 PM [31m  ERROR[39m [38;5;3m[Scheduler] [39m[31mPrismaClientKnownRequestError: 
Invalid `prisma.dispatch.findMany()` invocation:


Can't reach database server at `localhost:5432`

Please make sure your database server is running at `localhost:5432`.[39m
[31m[Nest] 13072  - [39m08/19/2026, 10:30:04 PM [31m  ERROR[39m [38;5;3m[Scheduler] [39m[31mPrismaClientKnownRequestError: 
Invalid `prisma.dispatch.findMany()` invocation:


Can't reach database server at `localhost:5432`

Please make sure your database server is running at `localhost:5432`.[39m
[31m[Nest] 13072  - [39m08/20/2026, 12:28:05 AM [31m  ERROR[39m [38;5;3m[Scheduler] [39m[31mPrismaClientKnownRequestError: 
Invalid `prisma.dispatch.findMany()` invocation:


Can't reach database server at `localhost:5432`

Please make sure your database server is running at `localhost:5432`.[39m
[31m[Nest] 13072  - [39m08/20/2026, 12:28:05 AM [31m  ERROR[39m [38;5;3m[Scheduler] [39m[31mPrismaClientKnownRequestError: 
Invalid `prisma.document.findMany()` invocation:


Can't reach database server at `localhost:5432`

Please make sure your database server is running at `localhost:5432`.[39m
[31m[Nest] 13072  - [39m08/20/2026, 7:55:04 AM [31m  ERROR[39m [38;5;3m[Scheduler] [39m[31mPrismaClientKnownRequestError: 
Invalid `prisma.dispatch.findMany()` invocation:


Can't reach database server at `localhost:5432`

Please make sure your database server is running at `localhost:5432`.[39m
[31m[Nest] 13072  - [39m08/20/2026, 10:53:31 AM [31m  ERROR[39m [38;5;3m[Scheduler] [39m[31mPrismaClientKnownRequestError: 
Invalid `prisma.dispatch.findMany()` invocation:


Can't reach database server at `localhost:5432`

Please make sure your database server is running at `localhost:5432`.[39m
[31m[Nest] 13072  - [39m08/20/2026, 11:00:04 AM [31m  ERROR[39m [38;5;3m[Scheduler] [39m[31mPrismaClientKnownRequestError: 
Invalid `prisma.dispatch.findMany()` invocation:


Can't reach database server at `localhost:5432`

Please make sure your database server is running at `localhost:5432`.[39m
[31m[Nest] 13072  - [39m08/20/2026, 11:30:04 AM [31m  ERROR[39m [38;5;3m[Scheduler] [39m[31mPrismaClientKnownRequestError: 
Invalid `prisma.dispatch.findMany()` invocation:


Can't reach database server at `localhost:5432`

Please make sure your database server is running at `localhost:5432`.[39m
[31m[Nest] 13072  - [39m08/20/2026, 12:00:04 PM [31m  ERROR[39m [38;5;3m[Scheduler] [39m[31mPrismaClientKnownRequestError: 
Invalid `prisma.dispatch.findMany()` invocation:


Can't reach database server at `localhost:5432`

Please make sure your database server is running at `localhost:5432`.[39m
[31m[Nest] 13072  - [39m08/20/2026, 12:30:04 PM [31m  ERROR[39m [38;5;3m[Scheduler] [39m[31mPrismaClientKnownRequestError: 
Invalid `prisma.dispatch.findMany()` invocation:


Can't reach database server at `localhost:5432`

Please make sure your database server is running at `localhost:5432`.[39m
[31m[Nest] 13072  - [39m08/20/2026, 1:00:04 PM [31m  ERROR[39m [38;5;3m[Scheduler] [39m[31mPrismaClientKnownRequestError: 
Invalid `prisma.dispatch.findMany()` invocation:


Can't reach database server at `localhost:5432`

Please make sure your database server is running at `localhost:5432`.[39m
[31m[Nest] 13072  - [39m08/20/2026, 1:30:04 PM [31m  ERROR[39m [38;5;3m[Scheduler] [39m[31mPrismaClientKnownRequestError: 
Invalid `prisma.dispatch.findMany()` invocation:


Can't reach database server at `localhost:5432`

Please make sure your database server is running at `localhost:5432`.[39m
[31m[Nest] 13072  - [39m08/20/2026, 2:00:04 PM [31m  ERROR[39m [38;5;3m[Scheduler] [39m[31mPrismaClientKnownRequestError: 
Invalid `prisma.dispatch.findMany()` invocation:


Can't reach database server at `localhost:5432`

Please make sure your database server is running at `localhost:5432`.[39m
[31m[Nest] 13072  - [39m08/20/2026, 2:30:04 PM [31m  ERROR[39m [38;5;3m[Scheduler] [39m[31mPrismaClientKnownRequestError: 
Invalid `prisma.dispatch.findMany()` invocation:


Can't reach database server at `localhost:5432`

Please make sure your database server is running at `localhost:5432`.[39m
[31m[Nest] 13072  - [39m08/20/2026, 3:00:04 PM [31m  ERROR[39m [38;5;3m[Scheduler] [39m[31mPrismaClientKnownRequestError: 
Invalid `prisma.dispatch.findMany()` invocation:


Can't reach database server at `localhost:5432`

Please make sure your database server is running at `localhost:5432`.[39m
[31m[Nest] 13072  - [39m08/20/2026, 3:30:04 PM [31m  ERROR[39m [38;5;3m[Scheduler] [39m[31mPrismaClientKnownRequestError: 
Invalid `prisma.dispatch.findMany()` invocation:


Can't reach database server at `localhost:5432`

Please make sure your database server is running at `localhost:5432`.[39m
[31m[Nest] 13072  - [39m08/20/2026, 4:00:04 PM [31m  ERROR[39m [38;5;3m[Scheduler] [39m[31mPrismaClientKnownRequestError: 
Invalid `prisma.dispatch.findMany()` invocation:


Can't reach database server at `localhost:5432`

Please make sure your database server is running at `localhost:5432`.[39m
[31m[Nest] 13072  - [39m08/20/2026, 4:30:04 PM [31m  ERROR[39m [38;5;3m[Scheduler] [39m[31mPrismaClientKnownRequestError: 
Invalid `prisma.dispatch.findMany()` invocation:


Can't reach database server at `localhost:5432`

Please make sure your database server is running at `localhost:5432`.[39m
[31m[Nest] 13072  - [39m08/20/2026, 5:00:04 PM [31m  ERROR[39m [38;5;3m[Scheduler] [39m[31mPrismaClientKnownRequestError: 
Invalid `prisma.dispatch.findMany()` invocation:


Can't reach database server at `localhost:5432`

Please make sure your database server is running at `localhost:5432`.[39m
[31m[Nest] 13072  - [39m08/20/2026, 5:30:04 PM [31m  ERROR[39m [38;5;3m[Scheduler] [39m[31mPrismaClientKnownRequestError: 
Invalid `prisma.dispatch.findMany()` invocation:


Can't reach database server at `localhost:5432`

Please make sure your database server is running at `localhost:5432`.[39m
[31m[Nest] 13072  - [39m08/20/2026, 6:00:04 PM [31m  ERROR[39m [38;5;3m[Scheduler] [39m[31mPrismaClientKnownRequestError: 
Invalid `prisma.dispatch.findMany()` invocation:


Can't reach database server at `localhost:5432`

Please make sure your database server is running at `localhost:5432`.[39m
[31m[Nest] 13072  - [39m08/20/2026, 6:30:04 PM [31m  ERROR[39m [38;5;3m[Scheduler] [39m[31mPrismaClientKnownRequestError: 
Invalid `prisma.dispatch.findMany()` invocation:


Can't reach database server at `localhost:5432`

Please make sure your database server is running at `localhost:5432`.[39m
[31m[Nest] 13072  - [39m08/20/2026, 7:00:04 PM [31m  ERROR[39m [38;5;3m[Scheduler] [39m[31mPrismaClientKnownRequestError: 
Invalid `prisma.dispatch.findMany()` invocation:


Can't reach database server at `localhost:5432`

Please make sure your database server is running at `localhost:5432`.[39m
[31m[Nest] 13072  - [39m08/20/2026, 7:30:04 PM [31m  ERROR[39m [38;5;3m[Scheduler] [39m[31mPrismaClientKnownRequestError: 
Invalid `prisma.dispatch.findMany()` invocation:


Can't reach database server at `localhost:5432`

Please make sure your database server is running at `localhost:5432`.[39m
[31m[Nest] 13072  - [39m08/20/2026, 8:00:04 PM [31m  ERROR[39m [38;5;3m[Scheduler] [39m[31mPrismaClientKnownRequestError: 
Invalid `prisma.dispatch.findMany()` invocation:


Can't reach database server at `localhost:5432`

Please make sure your database server is running at `localhost:5432`.[39m
[31m[Nest] 13072  - [39m08/20/2026, 8:30:04 PM [31m  ERROR[39m [38;5;3m[Scheduler] [39m[31mPrismaClientKnownRequestError: 
Invalid `prisma.dispatch.findMany()` invocation:


Can't reach database server at `localhost:5432`

Please make sure your database server is running at `localhost:5432`.[39m
[31m[Nest] 13072  - [39m08/20/2026, 9:00:04 PM [31m  ERROR[39m [38;5;3m[Scheduler] [39m[31mPrismaClientKnownRequestError: 
Invalid `prisma.dispatch.findMany()` invocation:


Can't reach database server at `localhost:5432`

Please make sure your database server is running at `localhost:5432`.[39m
[31m[Nest] 13072  - [39m08/20/2026, 9:30:04 PM [31m  ERROR[39m [38;5;3m[Scheduler] [39m[31mPrismaClientKnownRequestError: 
Invalid `prisma.dispatch.findMany()` invocation:


Can't reach database server at `localhost:5432`

Please make sure your database server is running at `localhost:5432`.[39m
[31m[Nest] 13072  - [39m08/20/2026, 10:00:04 PM [31m  ERROR[39m [38;5;3m[Scheduler] [39m[31mPrismaClientKnownRequestError: 
Invalid `prisma.dispatch.findMany()` invocation:


Can't reach database server at `localhost:5432`

Please make sure your database server is running at `localhost:5432`.[39m
[31m[Nest] 13072  - [39m08/20/2026, 10:30:04 PM [31m  ERROR[39m [38;5;3m[Scheduler] [39m[31mPrismaClientKnownRequestError: 
Invalid `prisma.dispatch.findMany()` invocation:


Can't reach database server at `localhost:5432`

Please make sure your database server is running at `localhost:5432`.[39m
[31m[Nest] 13072  - [39m08/20/2026, 11:00:04 PM [31m  ERROR[39m [38;5;3m[Scheduler] [39m[31mPrismaClientKnownRequestError: 
Invalid `prisma.dispatch.findMany()` invocation:


Can't reach database server at `localhost:5432`

Please make sure your database server is running at `localhost:5432`.[39m
[31m[Nest] 13072  - [39m08/20/2026, 11:30:04 PM [31m  ERROR[39m [38;5;3m[Scheduler] [39m[31mPrismaClientKnownRequestError: 
Invalid `prisma.dispatch.findMany()` invocation:


Can't reach database server at `localhost:5432`

Please make sure your database server is running at `localhost:5432`.[39m
[31m[Nest] 13072  - [39m08/21/2026, 12:00:04 AM [31m  ERROR[39m [38;5;3m[Scheduler] [39m[31mPrismaClientKnownRequestError: 
Invalid `prisma.document.findMany()` invocation:


Can't reach database server at `localhost:5432`

Please make sure your database server is running at `localhost:5432`.[39m
[31m[Nest] 13072  - [39m08/21/2026, 12:00:04 AM [31m  ERROR[39m [38;5;3m[Scheduler] [39m[31mPrismaClientKnownRequestError: 
Invalid `prisma.dispatch.findMany()` invocation:


Can't reach database server at `localhost:5432`

Please make sure your database server is running at `localhost:5432`.[39m
[31m[Nest] 13072  - [39m08/21/2026, 12:30:04 AM [31m  ERROR[39m [38;5;3m[Scheduler] [39m[31mPrismaClientKnownRequestError: 
Invalid `prisma.dispatch.findMany()` invocation:


Can't reach database server at `localhost:5432`

Please make sure your database server is running at `localhost:5432`.[39m
[31m[Nest] 13072  - [39m08/21/2026, 1:00:04 AM [31m  ERROR[39m [38;5;3m[Scheduler] [39m[31mPrismaClientKnownRequestError: 
Invalid `prisma.dispatch.findMany()` invocation:


Can't reach database server at `localhost:5432`

Please make sure your database server is running at `localhost:5432`.[39m
[31m[Nest] 13072  - [39m08/21/2026, 1:30:04 AM [31m  ERROR[39m [38;5;3m[Scheduler] [39m[31mPrismaClientKnownRequestError: 
Invalid `prisma.dispatch.findMany()` invocation:


Can't reach database server at `localhost:5432`

Please make sure your database server is running at `localhost:5432`.[39m
[31m[Nest] 13072  - [39m08/21/2026, 2:00:04 AM [31m  ERROR[39m [38;5;3m[Scheduler] [39m[31mPrismaClientKnownRequestError: 
Invalid `prisma.dispatch.findMany()` invocation:


Can't reach database server at `localhost:5432`

Please make sure your database server is running at `localhost:5432`.[39m
